../Src/syscalls.c:41:6:initialise_monitor_handles	0	static
../Src/syscalls.c:44:5:_getpid	0	static
../Src/syscalls.c:48:5:_kill	8	static
../Src/syscalls.c:53:6:_exit	8	static
../Src/syscalls.c:59:27:_read	16	static
../Src/syscalls.c:69:27:_write	16	static
../Src/syscalls.c:78:5:_close	0	static
../Src/syscalls.c:82:5:_fstat	0	static
../Src/syscalls.c:87:5:_isatty	0	static
../Src/syscalls.c:91:5:_lseek	0	static
../Src/syscalls.c:95:5:_open	0	static
../Src/syscalls.c:100:5:_wait	8	static
../Src/syscalls.c:105:5:_unlink	8	static
../Src/syscalls.c:110:5:_times	0	static
../Src/syscalls.c:114:5:_stat	0	static
../Src/syscalls.c:119:5:_link	8	static
../Src/syscalls.c:124:5:_fork	8	static
../Src/syscalls.c:129:5:_execve	8	static
