../drivers/src/stm32f407xx_i2c_driver.c:22:13:I2C_GenerateStartCondition	16	static
../drivers/src/stm32f407xx_i2c_driver.c:27:13:I2C_ExecuteAddressPhaseWrite	16	static
../drivers/src/stm32f407xx_i2c_driver.c:34:13:I2C_ExecuteAddressPhaseRead	16	static
../drivers/src/stm32f407xx_i2c_driver.c:41:13:I2C_ClearADDRFlag	24	static
../drivers/src/stm32f407xx_i2c_driver.c:78:6:I2C_GenerateStopCondition	16	static
../drivers/src/stm32f407xx_i2c_driver.c:83:6:I2C_SlaveEnableDisableCallbackEvents	16	static
../drivers/src/stm32f407xx_i2c_driver.c:99:6:I2C_PeripheralControl	16	static
../drivers/src/stm32f407xx_i2c_driver.c:112:6:I2C_PeriClockControl	16	static
../drivers/src/stm32f407xx_i2c_driver.c:134:11:RCC_GetPLLOutputClock	4	static
../drivers/src/stm32f407xx_i2c_driver.c:140:10:RCC_GetPCLK1Value	24	static
../drivers/src/stm32f407xx_i2c_driver.c:191:6:I2C_Init	24	static
../drivers/src/stm32f407xx_i2c_driver.c:256:6:I2C_DeInt	16	static
../drivers/src/stm32f407xx_i2c_driver.c:261:9:I2C_GetFlagStatus	16	static
../drivers/src/stm32f407xx_i2c_driver.c:270:6:I2C_MasterSendData	24	static
../drivers/src/stm32f407xx_i2c_driver.c:313:6:I2C_MasterReceiveData	32	static
../drivers/src/stm32f407xx_i2c_driver.c:406:9:I2C_MasterSendDataIT	32	static
../drivers/src/stm32f407xx_i2c_driver.c:439:9:I2C_MasterReceiveDataIT	32	static
../drivers/src/stm32f407xx_i2c_driver.c:470:6:I2C_ManageAcking	16	static
../drivers/src/stm32f407xx_i2c_driver.c:484:6:I2C_IRQInterruptConfig	16	static
../drivers/src/stm32f407xx_i2c_driver.c:538:6:I2C_IRQPriorityConfig	24	static
../drivers/src/stm32f407xx_i2c_driver.c:550:13:I2C_MasterHandleTXEInterrupt	16	static
../drivers/src/stm32f407xx_i2c_driver.c:564:6:I2C_CloseReceiveData	16	static
../drivers/src/stm32f407xx_i2c_driver.c:582:6:I2C_CloseSendData	16	static
../drivers/src/stm32f407xx_i2c_driver.c:595:6:I2C_SlaveSendData	16	static
../drivers/src/stm32f407xx_i2c_driver.c:600:9:I2C_SlaveReceiveData	16	static
../drivers/src/stm32f407xx_i2c_driver.c:605:13:I2C_MasterHandleRXNEInterrupt	16	static
../drivers/src/stm32f407xx_i2c_driver.c:645:6:I2C_EV_IRQHandling	32	static
../drivers/src/stm32f407xx_i2c_driver.c:785:6:I2C_ER_IRQHandling	24	static
