../Src/012i2c_master_rx_testingIT.c:17:6:delay	16	static
../Src/012i2c_master_rx_testingIT.c:30:6:I2C1_GPIOInits	24	static
../Src/012i2c_master_rx_testingIT.c:51:6:I2C1_Inits	8	static
../Src/012i2c_master_rx_testingIT.c:63:6:GPIO_ButtonInit	32	static
../Src/012i2c_master_rx_testingIT.c:90:5:main	24	static
../Src/012i2c_master_rx_testingIT.c:141:6:I2C_EV_IRQHandler	8	static
../Src/012i2c_master_rx_testingIT.c:147:6:I2C_ER_IRQHandler	8	static
../Src/012i2c_master_rx_testingIT.c:154:6:I2C_ApplicationEventCallback	16	static
