Archive member included to satisfy reference by file (symbol)

c:/st/stm32cubeide_1.10.1/stm32cubeide/plugins/com.st.stm32cube.ide.mcu.externaltools.gnu-tools-for-stm32.10.3-2021.10.win32_1.0.0.202111181127/tools/bin/../lib/gcc/arm-none-eabi/10.3.1/../../../../arm-none-eabi/lib/thumb/v7e-m+fp/hard\libc_nano.a(lib_a-exit.o)
                              c:/st/stm32cubeide_1.10.1/stm32cubeide/plugins/com.st.stm32cube.ide.mcu.externaltools.gnu-tools-for-stm32.10.3-2021.10.win32_1.0.0.202111181127/tools/bin/../lib/gcc/arm-none-eabi/10.3.1/../../../../arm-none-eabi/lib/thumb/v7e-m+fp/hard/crt0.o (exit)
c:/st/stm32cubeide_1.10.1/stm32cubeide/plugins/com.st.stm32cube.ide.mcu.externaltools.gnu-tools-for-stm32.10.3-2021.10.win32_1.0.0.202111181127/tools/bin/../lib/gcc/arm-none-eabi/10.3.1/../../../../arm-none-eabi/lib/thumb/v7e-m+fp/hard\libc_nano.a(lib_a-impure.o)
                              c:/st/stm32cubeide_1.10.1/stm32cubeide/plugins/com.st.stm32cube.ide.mcu.externaltools.gnu-tools-for-stm32.10.3-2021.10.win32_1.0.0.202111181127/tools/bin/../lib/gcc/arm-none-eabi/10.3.1/../../../../arm-none-eabi/lib/thumb/v7e-m+fp/hard\libc_nano.a(lib_a-exit.o) (_global_impure_ptr)
c:/st/stm32cubeide_1.10.1/stm32cubeide/plugins/com.st.stm32cube.ide.mcu.externaltools.gnu-tools-for-stm32.10.3-2021.10.win32_1.0.0.202111181127/tools/bin/../lib/gcc/arm-none-eabi/10.3.1/../../../../arm-none-eabi/lib/thumb/v7e-m+fp/hard\libc_nano.a(lib_a-init.o)
                              c:/st/stm32cubeide_1.10.1/stm32cubeide/plugins/com.st.stm32cube.ide.mcu.externaltools.gnu-tools-for-stm32.10.3-2021.10.win32_1.0.0.202111181127/tools/bin/../lib/gcc/arm-none-eabi/10.3.1/../../../../arm-none-eabi/lib/thumb/v7e-m+fp/hard/crt0.o (__libc_init_array)
c:/st/stm32cubeide_1.10.1/stm32cubeide/plugins/com.st.stm32cube.ide.mcu.externaltools.gnu-tools-for-stm32.10.3-2021.10.win32_1.0.0.202111181127/tools/bin/../lib/gcc/arm-none-eabi/10.3.1/../../../../arm-none-eabi/lib/thumb/v7e-m+fp/hard\libc_nano.a(lib_a-memset.o)
                              c:/st/stm32cubeide_1.10.1/stm32cubeide/plugins/com.st.stm32cube.ide.mcu.externaltools.gnu-tools-for-stm32.10.3-2021.10.win32_1.0.0.202111181127/tools/bin/../lib/gcc/arm-none-eabi/10.3.1/../../../../arm-none-eabi/lib/thumb/v7e-m+fp/hard/crt0.o (memset)
c:/st/stm32cubeide_1.10.1/stm32cubeide/plugins/com.st.stm32cube.ide.mcu.externaltools.gnu-tools-for-stm32.10.3-2021.10.win32_1.0.0.202111181127/tools/bin/../lib/gcc/arm-none-eabi/10.3.1/../../../../arm-none-eabi/lib/thumb/v7e-m+fp/hard\libc_nano.a(lib_a-strlen.o)
                              ./Src/007spi_txonly_arduino.o (strlen)
c:/st/stm32cubeide_1.10.1/stm32cubeide/plugins/com.st.stm32cube.ide.mcu.externaltools.gnu-tools-for-stm32.10.3-2021.10.win32_1.0.0.202111181127/tools/bin/../lib/gcc/arm-none-eabi/10.3.1/../../../../arm-none-eabi/lib/thumb/v7e-m+fp/hard\libnosys.a(_exit.o)
                              c:/st/stm32cubeide_1.10.1/stm32cubeide/plugins/com.st.stm32cube.ide.mcu.externaltools.gnu-tools-for-stm32.10.3-2021.10.win32_1.0.0.202111181127/tools/bin/../lib/gcc/arm-none-eabi/10.3.1/../../../../arm-none-eabi/lib/thumb/v7e-m+fp/hard\libc_nano.a(lib_a-exit.o) (_exit)

Discarded input sections

 .text          0x0000000000000000        0x0 c:/st/stm32cubeide_1.10.1/stm32cubeide/plugins/com.st.stm32cube.ide.mcu.externaltools.gnu-tools-for-stm32.10.3-2021.10.win32_1.0.0.202111181127/tools/bin/../lib/gcc/arm-none-eabi/10.3.1/thumb/v7e-m+fp/hard/crti.o
 .data          0x0000000000000000        0x0 c:/st/stm32cubeide_1.10.1/stm32cubeide/plugins/com.st.stm32cube.ide.mcu.externaltools.gnu-tools-for-stm32.10.3-2021.10.win32_1.0.0.202111181127/tools/bin/../lib/gcc/arm-none-eabi/10.3.1/thumb/v7e-m+fp/hard/crti.o
 .bss           0x0000000000000000        0x0 c:/st/stm32cubeide_1.10.1/stm32cubeide/plugins/com.st.stm32cube.ide.mcu.externaltools.gnu-tools-for-stm32.10.3-2021.10.win32_1.0.0.202111181127/tools/bin/../lib/gcc/arm-none-eabi/10.3.1/thumb/v7e-m+fp/hard/crti.o
 .data          0x0000000000000000        0x4 c:/st/stm32cubeide_1.10.1/stm32cubeide/plugins/com.st.stm32cube.ide.mcu.externaltools.gnu-tools-for-stm32.10.3-2021.10.win32_1.0.0.202111181127/tools/bin/../lib/gcc/arm-none-eabi/10.3.1/thumb/v7e-m+fp/hard/crtbegin.o
 .rodata        0x0000000000000000       0x24 c:/st/stm32cubeide_1.10.1/stm32cubeide/plugins/com.st.stm32cube.ide.mcu.externaltools.gnu-tools-for-stm32.10.3-2021.10.win32_1.0.0.202111181127/tools/bin/../lib/gcc/arm-none-eabi/10.3.1/thumb/v7e-m+fp/hard/crtbegin.o
 .text          0x0000000000000000       0x7c c:/st/stm32cubeide_1.10.1/stm32cubeide/plugins/com.st.stm32cube.ide.mcu.externaltools.gnu-tools-for-stm32.10.3-2021.10.win32_1.0.0.202111181127/tools/bin/../lib/gcc/arm-none-eabi/10.3.1/../../../../arm-none-eabi/lib/thumb/v7e-m+fp/hard/crt0.o
 .data          0x0000000000000000        0x0 c:/st/stm32cubeide_1.10.1/stm32cubeide/plugins/com.st.stm32cube.ide.mcu.externaltools.gnu-tools-for-stm32.10.3-2021.10.win32_1.0.0.202111181127/tools/bin/../lib/gcc/arm-none-eabi/10.3.1/../../../../arm-none-eabi/lib/thumb/v7e-m+fp/hard/crt0.o
 .bss           0x0000000000000000        0x0 c:/st/stm32cubeide_1.10.1/stm32cubeide/plugins/com.st.stm32cube.ide.mcu.externaltools.gnu-tools-for-stm32.10.3-2021.10.win32_1.0.0.202111181127/tools/bin/../lib/gcc/arm-none-eabi/10.3.1/../../../../arm-none-eabi/lib/thumb/v7e-m+fp/hard/crt0.o
 .ARM.extab     0x0000000000000000        0x0 c:/st/stm32cubeide_1.10.1/stm32cubeide/plugins/com.st.stm32cube.ide.mcu.externaltools.gnu-tools-for-stm32.10.3-2021.10.win32_1.0.0.202111181127/tools/bin/../lib/gcc/arm-none-eabi/10.3.1/../../../../arm-none-eabi/lib/thumb/v7e-m+fp/hard/crt0.o
 .ARM.exidx     0x0000000000000000       0x10 c:/st/stm32cubeide_1.10.1/stm32cubeide/plugins/com.st.stm32cube.ide.mcu.externaltools.gnu-tools-for-stm32.10.3-2021.10.win32_1.0.0.202111181127/tools/bin/../lib/gcc/arm-none-eabi/10.3.1/../../../../arm-none-eabi/lib/thumb/v7e-m+fp/hard/crt0.o
 .ARM.attributes
                0x0000000000000000       0x1c c:/st/stm32cubeide_1.10.1/stm32cubeide/plugins/com.st.stm32cube.ide.mcu.externaltools.gnu-tools-for-stm32.10.3-2021.10.win32_1.0.0.202111181127/tools/bin/../lib/gcc/arm-none-eabi/10.3.1/../../../../arm-none-eabi/lib/thumb/v7e-m+fp/hard/crt0.o
 .group         0x0000000000000000        0xc ./Src/007spi_txonly_arduino.o
 .group         0x0000000000000000        0xc ./Src/007spi_txonly_arduino.o
 .group         0x0000000000000000        0xc ./Src/007spi_txonly_arduino.o
 .group         0x0000000000000000        0xc ./Src/007spi_txonly_arduino.o
 .group         0x0000000000000000        0xc ./Src/007spi_txonly_arduino.o
 .group         0x0000000000000000        0xc ./Src/007spi_txonly_arduino.o
 .group         0x0000000000000000        0xc ./Src/007spi_txonly_arduino.o
 .group         0x0000000000000000        0xc ./Src/007spi_txonly_arduino.o
 .group         0x0000000000000000        0xc ./Src/007spi_txonly_arduino.o
 .group         0x0000000000000000        0xc ./Src/007spi_txonly_arduino.o
 .group         0x0000000000000000        0xc ./Src/007spi_txonly_arduino.o
 .group         0x0000000000000000        0xc ./Src/007spi_txonly_arduino.o
 .group         0x0000000000000000        0xc ./Src/007spi_txonly_arduino.o
 .group         0x0000000000000000        0xc ./Src/007spi_txonly_arduino.o
 .group         0x0000000000000000        0xc ./Src/007spi_txonly_arduino.o
 .group         0x0000000000000000        0xc ./Src/007spi_txonly_arduino.o
 .group         0x0000000000000000        0xc ./Src/007spi_txonly_arduino.o
 .group         0x0000000000000000        0xc ./Src/007spi_txonly_arduino.o
 .group         0x0000000000000000        0xc ./Src/007spi_txonly_arduino.o
 .group         0x0000000000000000        0xc ./Src/007spi_txonly_arduino.o
 .group         0x0000000000000000        0xc ./Src/007spi_txonly_arduino.o
 .group         0x0000000000000000        0xc ./Src/007spi_txonly_arduino.o
 .group         0x0000000000000000        0xc ./Src/007spi_txonly_arduino.o
 .group         0x0000000000000000        0xc ./Src/007spi_txonly_arduino.o
 .group         0x0000000000000000        0xc ./Src/007spi_txonly_arduino.o
 .group         0x0000000000000000        0xc ./Src/007spi_txonly_arduino.o
 .group         0x0000000000000000        0xc ./Src/007spi_txonly_arduino.o
 .text          0x0000000000000000        0x0 ./Src/007spi_txonly_arduino.o
 .data          0x0000000000000000        0x0 ./Src/007spi_txonly_arduino.o
 .bss           0x0000000000000000        0x0 ./Src/007spi_txonly_arduino.o
 .text          0x0000000000000000       0x14 ./Startup/startup_stm32f407vgtx.o
 .data          0x0000000000000000        0x0 ./Startup/startup_stm32f407vgtx.o
 .bss           0x0000000000000000        0x0 ./Startup/startup_stm32f407vgtx.o
 .group         0x0000000000000000        0xc ./drivers/src/stm32f407xx_gpio_driver.o
 .group         0x0000000000000000        0xc ./drivers/src/stm32f407xx_gpio_driver.o
 .group         0x0000000000000000        0xc ./drivers/src/stm32f407xx_gpio_driver.o
 .group         0x0000000000000000        0xc ./drivers/src/stm32f407xx_gpio_driver.o
 .group         0x0000000000000000        0xc ./drivers/src/stm32f407xx_gpio_driver.o
 .group         0x0000000000000000        0xc ./drivers/src/stm32f407xx_gpio_driver.o
 .group         0x0000000000000000        0xc ./drivers/src/stm32f407xx_gpio_driver.o
 .group         0x0000000000000000        0xc ./drivers/src/stm32f407xx_gpio_driver.o
 .group         0x0000000000000000        0xc ./drivers/src/stm32f407xx_gpio_driver.o
 .group         0x0000000000000000        0xc ./drivers/src/stm32f407xx_gpio_driver.o
 .text          0x0000000000000000        0x0 ./drivers/src/stm32f407xx_gpio_driver.o
 .data          0x0000000000000000        0x0 ./drivers/src/stm32f407xx_gpio_driver.o
 .bss           0x0000000000000000        0x0 ./drivers/src/stm32f407xx_gpio_driver.o
 .text.GPIO_DeInt
                0x0000000000000000      0x16c ./drivers/src/stm32f407xx_gpio_driver.o
 .text.GPIO_ReadFromInputPort
                0x0000000000000000       0x1e ./drivers/src/stm32f407xx_gpio_driver.o
 .text.GPIO_WriteToOutputPin
                0x0000000000000000       0x4a ./drivers/src/stm32f407xx_gpio_driver.o
 .text.GPIO_WriteToOutputPort
                0x0000000000000000       0x1e ./drivers/src/stm32f407xx_gpio_driver.o
 .text.GPIO_ToggleOutputPin
                0x0000000000000000       0x2a ./drivers/src/stm32f407xx_gpio_driver.o
 .text.GPIO_IRQConfig
                0x0000000000000000      0x10c ./drivers/src/stm32f407xx_gpio_driver.o
 .text.GPIO_IRQPriorityConfig
                0x0000000000000000       0x54 ./drivers/src/stm32f407xx_gpio_driver.o
 .text.GPIO_IRQHandling
                0x0000000000000000       0x40 ./drivers/src/stm32f407xx_gpio_driver.o
 .debug_macro   0x0000000000000000      0xa84 ./drivers/src/stm32f407xx_gpio_driver.o
 .debug_macro   0x0000000000000000       0x22 ./drivers/src/stm32f407xx_gpio_driver.o
 .debug_macro   0x0000000000000000      0x103 ./drivers/src/stm32f407xx_gpio_driver.o
 .debug_macro   0x0000000000000000       0x6a ./drivers/src/stm32f407xx_gpio_driver.o
 .debug_macro   0x0000000000000000      0x1df ./drivers/src/stm32f407xx_gpio_driver.o
 .debug_macro   0x0000000000000000      0x445 ./drivers/src/stm32f407xx_gpio_driver.o
 .debug_macro   0x0000000000000000       0xc4 ./drivers/src/stm32f407xx_gpio_driver.o
 .group         0x0000000000000000        0xc ./drivers/src/stm32f407xx_spi_driver.o
 .group         0x0000000000000000        0xc ./drivers/src/stm32f407xx_spi_driver.o
 .group         0x0000000000000000        0xc ./drivers/src/stm32f407xx_spi_driver.o
 .group         0x0000000000000000        0xc ./drivers/src/stm32f407xx_spi_driver.o
 .group         0x0000000000000000        0xc ./drivers/src/stm32f407xx_spi_driver.o
 .group         0x0000000000000000        0xc ./drivers/src/stm32f407xx_spi_driver.o
 .group         0x0000000000000000        0xc ./drivers/src/stm32f407xx_spi_driver.o
 .group         0x0000000000000000        0xc ./drivers/src/stm32f407xx_spi_driver.o
 .group         0x0000000000000000        0xc ./drivers/src/stm32f407xx_spi_driver.o
 .group         0x0000000000000000        0xc ./drivers/src/stm32f407xx_spi_driver.o
 .text          0x0000000000000000        0x0 ./drivers/src/stm32f407xx_spi_driver.o
 .data          0x0000000000000000        0x0 ./drivers/src/stm32f407xx_spi_driver.o
 .bss           0x0000000000000000        0x0 ./drivers/src/stm32f407xx_spi_driver.o
 .text.SPI_DeInt
                0x0000000000000000       0x88 ./drivers/src/stm32f407xx_spi_driver.o
 .text.SPI_SSIConfig
                0x0000000000000000       0x38 ./drivers/src/stm32f407xx_spi_driver.o
 .debug_macro   0x0000000000000000      0xa84 ./drivers/src/stm32f407xx_spi_driver.o
 .debug_macro   0x0000000000000000       0x22 ./drivers/src/stm32f407xx_spi_driver.o
 .debug_macro   0x0000000000000000       0x8e ./drivers/src/stm32f407xx_spi_driver.o
 .debug_macro   0x0000000000000000       0x51 ./drivers/src/stm32f407xx_spi_driver.o
 .debug_macro   0x0000000000000000      0x103 ./drivers/src/stm32f407xx_spi_driver.o
 .debug_macro   0x0000000000000000       0x6a ./drivers/src/stm32f407xx_spi_driver.o
 .debug_macro   0x0000000000000000      0x1df ./drivers/src/stm32f407xx_spi_driver.o
 .debug_macro   0x0000000000000000      0x445 ./drivers/src/stm32f407xx_spi_driver.o
 .debug_macro   0x0000000000000000       0xc4 ./drivers/src/stm32f407xx_spi_driver.o
 .debug_macro   0x0000000000000000       0x94 ./drivers/src/stm32f407xx_spi_driver.o
 .text          0x0000000000000000        0x0 c:/st/stm32cubeide_1.10.1/stm32cubeide/plugins/com.st.stm32cube.ide.mcu.externaltools.gnu-tools-for-stm32.10.3-2021.10.win32_1.0.0.202111181127/tools/bin/../lib/gcc/arm-none-eabi/10.3.1/../../../../arm-none-eabi/lib/thumb/v7e-m+fp/hard\libc_nano.a(lib_a-exit.o)
 .data          0x0000000000000000        0x0 c:/st/stm32cubeide_1.10.1/stm32cubeide/plugins/com.st.stm32cube.ide.mcu.externaltools.gnu-tools-for-stm32.10.3-2021.10.win32_1.0.0.202111181127/tools/bin/../lib/gcc/arm-none-eabi/10.3.1/../../../../arm-none-eabi/lib/thumb/v7e-m+fp/hard\libc_nano.a(lib_a-exit.o)
 .bss           0x0000000000000000        0x0 c:/st/stm32cubeide_1.10.1/stm32cubeide/plugins/com.st.stm32cube.ide.mcu.externaltools.gnu-tools-for-stm32.10.3-2021.10.win32_1.0.0.202111181127/tools/bin/../lib/gcc/arm-none-eabi/10.3.1/../../../../arm-none-eabi/lib/thumb/v7e-m+fp/hard\libc_nano.a(lib_a-exit.o)
 .text.exit     0x0000000000000000       0x28 c:/st/stm32cubeide_1.10.1/stm32cubeide/plugins/com.st.stm32cube.ide.mcu.externaltools.gnu-tools-for-stm32.10.3-2021.10.win32_1.0.0.202111181127/tools/bin/../lib/gcc/arm-none-eabi/10.3.1/../../../../arm-none-eabi/lib/thumb/v7e-m+fp/hard\libc_nano.a(lib_a-exit.o)
 .debug_frame   0x0000000000000000       0x28 c:/st/stm32cubeide_1.10.1/stm32cubeide/plugins/com.st.stm32cube.ide.mcu.externaltools.gnu-tools-for-stm32.10.3-2021.10.win32_1.0.0.202111181127/tools/bin/../lib/gcc/arm-none-eabi/10.3.1/../../../../arm-none-eabi/lib/thumb/v7e-m+fp/hard\libc_nano.a(lib_a-exit.o)
 .ARM.attributes
                0x0000000000000000       0x34 c:/st/stm32cubeide_1.10.1/stm32cubeide/plugins/com.st.stm32cube.ide.mcu.externaltools.gnu-tools-for-stm32.10.3-2021.10.win32_1.0.0.202111181127/tools/bin/../lib/gcc/arm-none-eabi/10.3.1/../../../../arm-none-eabi/lib/thumb/v7e-m+fp/hard\libc_nano.a(lib_a-exit.o)
 .text          0x0000000000000000        0x0 c:/st/stm32cubeide_1.10.1/stm32cubeide/plugins/com.st.stm32cube.ide.mcu.externaltools.gnu-tools-for-stm32.10.3-2021.10.win32_1.0.0.202111181127/tools/bin/../lib/gcc/arm-none-eabi/10.3.1/../../../../arm-none-eabi/lib/thumb/v7e-m+fp/hard\libc_nano.a(lib_a-impure.o)
 .data          0x0000000000000000        0x0 c:/st/stm32cubeide_1.10.1/stm32cubeide/plugins/com.st.stm32cube.ide.mcu.externaltools.gnu-tools-for-stm32.10.3-2021.10.win32_1.0.0.202111181127/tools/bin/../lib/gcc/arm-none-eabi/10.3.1/../../../../arm-none-eabi/lib/thumb/v7e-m+fp/hard\libc_nano.a(lib_a-impure.o)
 .bss           0x0000000000000000        0x0 c:/st/stm32cubeide_1.10.1/stm32cubeide/plugins/com.st.stm32cube.ide.mcu.externaltools.gnu-tools-for-stm32.10.3-2021.10.win32_1.0.0.202111181127/tools/bin/../lib/gcc/arm-none-eabi/10.3.1/../../../../arm-none-eabi/lib/thumb/v7e-m+fp/hard\libc_nano.a(lib_a-impure.o)
 .data._impure_ptr
                0x0000000000000000        0x4 c:/st/stm32cubeide_1.10.1/stm32cubeide/plugins/com.st.stm32cube.ide.mcu.externaltools.gnu-tools-for-stm32.10.3-2021.10.win32_1.0.0.202111181127/tools/bin/../lib/gcc/arm-none-eabi/10.3.1/../../../../arm-none-eabi/lib/thumb/v7e-m+fp/hard\libc_nano.a(lib_a-impure.o)
 .data.impure_data
                0x0000000000000000       0x60 c:/st/stm32cubeide_1.10.1/stm32cubeide/plugins/com.st.stm32cube.ide.mcu.externaltools.gnu-tools-for-stm32.10.3-2021.10.win32_1.0.0.202111181127/tools/bin/../lib/gcc/arm-none-eabi/10.3.1/../../../../arm-none-eabi/lib/thumb/v7e-m+fp/hard\libc_nano.a(lib_a-impure.o)
 .rodata._global_impure_ptr
                0x0000000000000000        0x4 c:/st/stm32cubeide_1.10.1/stm32cubeide/plugins/com.st.stm32cube.ide.mcu.externaltools.gnu-tools-for-stm32.10.3-2021.10.win32_1.0.0.202111181127/tools/bin/../lib/gcc/arm-none-eabi/10.3.1/../../../../arm-none-eabi/lib/thumb/v7e-m+fp/hard\libc_nano.a(lib_a-impure.o)
 .ARM.attributes
                0x0000000000000000       0x34 c:/st/stm32cubeide_1.10.1/stm32cubeide/plugins/com.st.stm32cube.ide.mcu.externaltools.gnu-tools-for-stm32.10.3-2021.10.win32_1.0.0.202111181127/tools/bin/../lib/gcc/arm-none-eabi/10.3.1/../../../../arm-none-eabi/lib/thumb/v7e-m+fp/hard\libc_nano.a(lib_a-impure.o)
 .text          0x0000000000000000        0x0 c:/st/stm32cubeide_1.10.1/stm32cubeide/plugins/com.st.stm32cube.ide.mcu.externaltools.gnu-tools-for-stm32.10.3-2021.10.win32_1.0.0.202111181127/tools/bin/../lib/gcc/arm-none-eabi/10.3.1/../../../../arm-none-eabi/lib/thumb/v7e-m+fp/hard\libc_nano.a(lib_a-init.o)
 .data          0x0000000000000000        0x0 c:/st/stm32cubeide_1.10.1/stm32cubeide/plugins/com.st.stm32cube.ide.mcu.externaltools.gnu-tools-for-stm32.10.3-2021.10.win32_1.0.0.202111181127/tools/bin/../lib/gcc/arm-none-eabi/10.3.1/../../../../arm-none-eabi/lib/thumb/v7e-m+fp/hard\libc_nano.a(lib_a-init.o)
 .bss           0x0000000000000000        0x0 c:/st/stm32cubeide_1.10.1/stm32cubeide/plugins/com.st.stm32cube.ide.mcu.externaltools.gnu-tools-for-stm32.10.3-2021.10.win32_1.0.0.202111181127/tools/bin/../lib/gcc/arm-none-eabi/10.3.1/../../../../arm-none-eabi/lib/thumb/v7e-m+fp/hard\libc_nano.a(lib_a-init.o)
 .text          0x0000000000000000        0x0 c:/st/stm32cubeide_1.10.1/stm32cubeide/plugins/com.st.stm32cube.ide.mcu.externaltools.gnu-tools-for-stm32.10.3-2021.10.win32_1.0.0.202111181127/tools/bin/../lib/gcc/arm-none-eabi/10.3.1/../../../../arm-none-eabi/lib/thumb/v7e-m+fp/hard\libc_nano.a(lib_a-memset.o)
 .data          0x0000000000000000        0x0 c:/st/stm32cubeide_1.10.1/stm32cubeide/plugins/com.st.stm32cube.ide.mcu.externaltools.gnu-tools-for-stm32.10.3-2021.10.win32_1.0.0.202111181127/tools/bin/../lib/gcc/arm-none-eabi/10.3.1/../../../../arm-none-eabi/lib/thumb/v7e-m+fp/hard\libc_nano.a(lib_a-memset.o)
 .bss           0x0000000000000000        0x0 c:/st/stm32cubeide_1.10.1/stm32cubeide/plugins/com.st.stm32cube.ide.mcu.externaltools.gnu-tools-for-stm32.10.3-2021.10.win32_1.0.0.202111181127/tools/bin/../lib/gcc/arm-none-eabi/10.3.1/../../../../arm-none-eabi/lib/thumb/v7e-m+fp/hard\libc_nano.a(lib_a-memset.o)
 .text.memset   0x0000000000000000       0x10 c:/st/stm32cubeide_1.10.1/stm32cubeide/plugins/com.st.stm32cube.ide.mcu.externaltools.gnu-tools-for-stm32.10.3-2021.10.win32_1.0.0.202111181127/tools/bin/../lib/gcc/arm-none-eabi/10.3.1/../../../../arm-none-eabi/lib/thumb/v7e-m+fp/hard\libc_nano.a(lib_a-memset.o)
 .debug_frame   0x0000000000000000       0x20 c:/st/stm32cubeide_1.10.1/stm32cubeide/plugins/com.st.stm32cube.ide.mcu.externaltools.gnu-tools-for-stm32.10.3-2021.10.win32_1.0.0.202111181127/tools/bin/../lib/gcc/arm-none-eabi/10.3.1/../../../../arm-none-eabi/lib/thumb/v7e-m+fp/hard\libc_nano.a(lib_a-memset.o)
 .ARM.attributes
                0x0000000000000000       0x34 c:/st/stm32cubeide_1.10.1/stm32cubeide/plugins/com.st.stm32cube.ide.mcu.externaltools.gnu-tools-for-stm32.10.3-2021.10.win32_1.0.0.202111181127/tools/bin/../lib/gcc/arm-none-eabi/10.3.1/../../../../arm-none-eabi/lib/thumb/v7e-m+fp/hard\libc_nano.a(lib_a-memset.o)
 .data          0x0000000000000000        0x0 c:/st/stm32cubeide_1.10.1/stm32cubeide/plugins/com.st.stm32cube.ide.mcu.externaltools.gnu-tools-for-stm32.10.3-2021.10.win32_1.0.0.202111181127/tools/bin/../lib/gcc/arm-none-eabi/10.3.1/../../../../arm-none-eabi/lib/thumb/v7e-m+fp/hard\libc_nano.a(lib_a-strlen.o)
 .bss           0x0000000000000000        0x0 c:/st/stm32cubeide_1.10.1/stm32cubeide/plugins/com.st.stm32cube.ide.mcu.externaltools.gnu-tools-for-stm32.10.3-2021.10.win32_1.0.0.202111181127/tools/bin/../lib/gcc/arm-none-eabi/10.3.1/../../../../arm-none-eabi/lib/thumb/v7e-m+fp/hard\libc_nano.a(lib_a-strlen.o)
 .text          0x0000000000000000        0x0 c:/st/stm32cubeide_1.10.1/stm32cubeide/plugins/com.st.stm32cube.ide.mcu.externaltools.gnu-tools-for-stm32.10.3-2021.10.win32_1.0.0.202111181127/tools/bin/../lib/gcc/arm-none-eabi/10.3.1/../../../../arm-none-eabi/lib/thumb/v7e-m+fp/hard\libnosys.a(_exit.o)
 .data          0x0000000000000000        0x0 c:/st/stm32cubeide_1.10.1/stm32cubeide/plugins/com.st.stm32cube.ide.mcu.externaltools.gnu-tools-for-stm32.10.3-2021.10.win32_1.0.0.202111181127/tools/bin/../lib/gcc/arm-none-eabi/10.3.1/../../../../arm-none-eabi/lib/thumb/v7e-m+fp/hard\libnosys.a(_exit.o)
 .bss           0x0000000000000000        0x0 c:/st/stm32cubeide_1.10.1/stm32cubeide/plugins/com.st.stm32cube.ide.mcu.externaltools.gnu-tools-for-stm32.10.3-2021.10.win32_1.0.0.202111181127/tools/bin/../lib/gcc/arm-none-eabi/10.3.1/../../../../arm-none-eabi/lib/thumb/v7e-m+fp/hard\libnosys.a(_exit.o)
 .text._exit    0x0000000000000000        0x2 c:/st/stm32cubeide_1.10.1/stm32cubeide/plugins/com.st.stm32cube.ide.mcu.externaltools.gnu-tools-for-stm32.10.3-2021.10.win32_1.0.0.202111181127/tools/bin/../lib/gcc/arm-none-eabi/10.3.1/../../../../arm-none-eabi/lib/thumb/v7e-m+fp/hard\libnosys.a(_exit.o)
 .debug_frame   0x0000000000000000       0x20 c:/st/stm32cubeide_1.10.1/stm32cubeide/plugins/com.st.stm32cube.ide.mcu.externaltools.gnu-tools-for-stm32.10.3-2021.10.win32_1.0.0.202111181127/tools/bin/../lib/gcc/arm-none-eabi/10.3.1/../../../../arm-none-eabi/lib/thumb/v7e-m+fp/hard\libnosys.a(_exit.o)
 .ARM.attributes
                0x0000000000000000       0x34 c:/st/stm32cubeide_1.10.1/stm32cubeide/plugins/com.st.stm32cube.ide.mcu.externaltools.gnu-tools-for-stm32.10.3-2021.10.win32_1.0.0.202111181127/tools/bin/../lib/gcc/arm-none-eabi/10.3.1/../../../../arm-none-eabi/lib/thumb/v7e-m+fp/hard\libnosys.a(_exit.o)
 .text          0x0000000000000000        0x0 c:/st/stm32cubeide_1.10.1/stm32cubeide/plugins/com.st.stm32cube.ide.mcu.externaltools.gnu-tools-for-stm32.10.3-2021.10.win32_1.0.0.202111181127/tools/bin/../lib/gcc/arm-none-eabi/10.3.1/thumb/v7e-m+fp/hard/crtend.o
 .data          0x0000000000000000        0x0 c:/st/stm32cubeide_1.10.1/stm32cubeide/plugins/com.st.stm32cube.ide.mcu.externaltools.gnu-tools-for-stm32.10.3-2021.10.win32_1.0.0.202111181127/tools/bin/../lib/gcc/arm-none-eabi/10.3.1/thumb/v7e-m+fp/hard/crtend.o
 .bss           0x0000000000000000        0x0 c:/st/stm32cubeide_1.10.1/stm32cubeide/plugins/com.st.stm32cube.ide.mcu.externaltools.gnu-tools-for-stm32.10.3-2021.10.win32_1.0.0.202111181127/tools/bin/../lib/gcc/arm-none-eabi/10.3.1/thumb/v7e-m+fp/hard/crtend.o
 .rodata        0x0000000000000000       0x24 c:/st/stm32cubeide_1.10.1/stm32cubeide/plugins/com.st.stm32cube.ide.mcu.externaltools.gnu-tools-for-stm32.10.3-2021.10.win32_1.0.0.202111181127/tools/bin/../lib/gcc/arm-none-eabi/10.3.1/thumb/v7e-m+fp/hard/crtend.o
 .eh_frame      0x0000000000000000        0x4 c:/st/stm32cubeide_1.10.1/stm32cubeide/plugins/com.st.stm32cube.ide.mcu.externaltools.gnu-tools-for-stm32.10.3-2021.10.win32_1.0.0.202111181127/tools/bin/../lib/gcc/arm-none-eabi/10.3.1/thumb/v7e-m+fp/hard/crtend.o
 .ARM.attributes
                0x0000000000000000       0x34 c:/st/stm32cubeide_1.10.1/stm32cubeide/plugins/com.st.stm32cube.ide.mcu.externaltools.gnu-tools-for-stm32.10.3-2021.10.win32_1.0.0.202111181127/tools/bin/../lib/gcc/arm-none-eabi/10.3.1/thumb/v7e-m+fp/hard/crtend.o
 .text          0x0000000000000000        0x0 c:/st/stm32cubeide_1.10.1/stm32cubeide/plugins/com.st.stm32cube.ide.mcu.externaltools.gnu-tools-for-stm32.10.3-2021.10.win32_1.0.0.202111181127/tools/bin/../lib/gcc/arm-none-eabi/10.3.1/thumb/v7e-m+fp/hard/crtn.o
 .data          0x0000000000000000        0x0 c:/st/stm32cubeide_1.10.1/stm32cubeide/plugins/com.st.stm32cube.ide.mcu.externaltools.gnu-tools-for-stm32.10.3-2021.10.win32_1.0.0.202111181127/tools/bin/../lib/gcc/arm-none-eabi/10.3.1/thumb/v7e-m+fp/hard/crtn.o
 .bss           0x0000000000000000        0x0 c:/st/stm32cubeide_1.10.1/stm32cubeide/plugins/com.st.stm32cube.ide.mcu.externaltools.gnu-tools-for-stm32.10.3-2021.10.win32_1.0.0.202111181127/tools/bin/../lib/gcc/arm-none-eabi/10.3.1/thumb/v7e-m+fp/hard/crtn.o

Memory Configuration

Name             Origin             Length             Attributes
CCMRAM           0x0000000010000000 0x0000000000010000 xrw
RAM              0x0000000020000000 0x0000000000020000 xrw
FLASH            0x0000000008000000 0x0000000000100000 xr
*default*        0x0000000000000000 0xffffffffffffffff

Linker script and memory map

LOAD c:/st/stm32cubeide_1.10.1/stm32cubeide/plugins/com.st.stm32cube.ide.mcu.externaltools.gnu-tools-for-stm32.10.3-2021.10.win32_1.0.0.202111181127/tools/bin/../lib/gcc/arm-none-eabi/10.3.1/thumb/v7e-m+fp/hard/crti.o
LOAD c:/st/stm32cubeide_1.10.1/stm32cubeide/plugins/com.st.stm32cube.ide.mcu.externaltools.gnu-tools-for-stm32.10.3-2021.10.win32_1.0.0.202111181127/tools/bin/../lib/gcc/arm-none-eabi/10.3.1/thumb/v7e-m+fp/hard/crtbegin.o
LOAD c:/st/stm32cubeide_1.10.1/stm32cubeide/plugins/com.st.stm32cube.ide.mcu.externaltools.gnu-tools-for-stm32.10.3-2021.10.win32_1.0.0.202111181127/tools/bin/../lib/gcc/arm-none-eabi/10.3.1/../../../../arm-none-eabi/lib/thumb/v7e-m+fp/hard/crt0.o
LOAD ./Src/007spi_txonly_arduino.o
LOAD ./Startup/startup_stm32f407vgtx.o
LOAD ./drivers/src/stm32f407xx_gpio_driver.o
LOAD ./drivers/src/stm32f407xx_spi_driver.o
START GROUP
LOAD c:/st/stm32cubeide_1.10.1/stm32cubeide/plugins/com.st.stm32cube.ide.mcu.externaltools.gnu-tools-for-stm32.10.3-2021.10.win32_1.0.0.202111181127/tools/bin/../lib/gcc/arm-none-eabi/10.3.1/../../../../arm-none-eabi/lib/thumb/v7e-m+fp/hard\libc_nano.a
LOAD c:/st/stm32cubeide_1.10.1/stm32cubeide/plugins/com.st.stm32cube.ide.mcu.externaltools.gnu-tools-for-stm32.10.3-2021.10.win32_1.0.0.202111181127/tools/bin/../lib/gcc/arm-none-eabi/10.3.1/../../../../arm-none-eabi/lib/thumb/v7e-m+fp/hard\libm.a
END GROUP
START GROUP
LOAD c:/st/stm32cubeide_1.10.1/stm32cubeide/plugins/com.st.stm32cube.ide.mcu.externaltools.gnu-tools-for-stm32.10.3-2021.10.win32_1.0.0.202111181127/tools/bin/../lib/gcc/arm-none-eabi/10.3.1/thumb/v7e-m+fp/hard\libgcc.a
LOAD c:/st/stm32cubeide_1.10.1/stm32cubeide/plugins/com.st.stm32cube.ide.mcu.externaltools.gnu-tools-for-stm32.10.3-2021.10.win32_1.0.0.202111181127/tools/bin/../lib/gcc/arm-none-eabi/10.3.1/../../../../arm-none-eabi/lib/thumb/v7e-m+fp/hard\libc_nano.a
END GROUP
START GROUP
LOAD c:/st/stm32cubeide_1.10.1/stm32cubeide/plugins/com.st.stm32cube.ide.mcu.externaltools.gnu-tools-for-stm32.10.3-2021.10.win32_1.0.0.202111181127/tools/bin/../lib/gcc/arm-none-eabi/10.3.1/thumb/v7e-m+fp/hard\libgcc.a
LOAD c:/st/stm32cubeide_1.10.1/stm32cubeide/plugins/com.st.stm32cube.ide.mcu.externaltools.gnu-tools-for-stm32.10.3-2021.10.win32_1.0.0.202111181127/tools/bin/../lib/gcc/arm-none-eabi/10.3.1/../../../../arm-none-eabi/lib/thumb/v7e-m+fp/hard\libc_nano.a
LOAD c:/st/stm32cubeide_1.10.1/stm32cubeide/plugins/com.st.stm32cube.ide.mcu.externaltools.gnu-tools-for-stm32.10.3-2021.10.win32_1.0.0.202111181127/tools/bin/../lib/gcc/arm-none-eabi/10.3.1/../../../../arm-none-eabi/lib/thumb/v7e-m+fp/hard\libnosys.a
END GROUP
START GROUP
LOAD c:/st/stm32cubeide_1.10.1/stm32cubeide/plugins/com.st.stm32cube.ide.mcu.externaltools.gnu-tools-for-stm32.10.3-2021.10.win32_1.0.0.202111181127/tools/bin/../lib/gcc/arm-none-eabi/10.3.1/thumb/v7e-m+fp/hard\libgcc.a
LOAD c:/st/stm32cubeide_1.10.1/stm32cubeide/plugins/com.st.stm32cube.ide.mcu.externaltools.gnu-tools-for-stm32.10.3-2021.10.win32_1.0.0.202111181127/tools/bin/../lib/gcc/arm-none-eabi/10.3.1/../../../../arm-none-eabi/lib/thumb/v7e-m+fp/hard\libc_nano.a
LOAD c:/st/stm32cubeide_1.10.1/stm32cubeide/plugins/com.st.stm32cube.ide.mcu.externaltools.gnu-tools-for-stm32.10.3-2021.10.win32_1.0.0.202111181127/tools/bin/../lib/gcc/arm-none-eabi/10.3.1/../../../../arm-none-eabi/lib/thumb/v7e-m+fp/hard\libnosys.a
END GROUP
LOAD c:/st/stm32cubeide_1.10.1/stm32cubeide/plugins/com.st.stm32cube.ide.mcu.externaltools.gnu-tools-for-stm32.10.3-2021.10.win32_1.0.0.202111181127/tools/bin/../lib/gcc/arm-none-eabi/10.3.1/thumb/v7e-m+fp/hard/crtend.o
LOAD c:/st/stm32cubeide_1.10.1/stm32cubeide/plugins/com.st.stm32cube.ide.mcu.externaltools.gnu-tools-for-stm32.10.3-2021.10.win32_1.0.0.202111181127/tools/bin/../lib/gcc/arm-none-eabi/10.3.1/thumb/v7e-m+fp/hard/crtn.o
                0x0000000020020000                _estack = (ORIGIN (RAM) + LENGTH (RAM))
                0x0000000000000200                _Min_Heap_Size = 0x200
                0x0000000000000400                _Min_Stack_Size = 0x400

.isr_vector     0x0000000008000000      0x1a8
                0x0000000008000000                . = ALIGN (0x4)
 *(.isr_vector)
 .isr_vector    0x0000000008000000      0x1a8 ./Startup/startup_stm32f407vgtx.o
                0x0000000008000000                g_pfnVectors
                0x00000000080001a8                . = ALIGN (0x4)

.text           0x00000000080001a8      0xa18
                0x00000000080001a8                . = ALIGN (0x4)
 *(.text)
 .text          0x00000000080001a8       0x40 c:/st/stm32cubeide_1.10.1/stm32cubeide/plugins/com.st.stm32cube.ide.mcu.externaltools.gnu-tools-for-stm32.10.3-2021.10.win32_1.0.0.202111181127/tools/bin/../lib/gcc/arm-none-eabi/10.3.1/thumb/v7e-m+fp/hard/crtbegin.o
 .text          0x00000000080001e8       0x10 c:/st/stm32cubeide_1.10.1/stm32cubeide/plugins/com.st.stm32cube.ide.mcu.externaltools.gnu-tools-for-stm32.10.3-2021.10.win32_1.0.0.202111181127/tools/bin/../lib/gcc/arm-none-eabi/10.3.1/../../../../arm-none-eabi/lib/thumb/v7e-m+fp/hard\libc_nano.a(lib_a-strlen.o)
                0x00000000080001e8                strlen
 *(.text*)
 .text.delay    0x00000000080001f8       0x2c ./Src/007spi_txonly_arduino.o
                0x00000000080001f8                delay
 .text.SPI2_GPIOInits
                0x0000000008000224       0x50 ./Src/007spi_txonly_arduino.o
                0x0000000008000224                SPI2_GPIOInits
 .text.SPI2_Inits
                0x0000000008000274       0x3c ./Src/007spi_txonly_arduino.o
                0x0000000008000274                SPI2_Inits
 .text.GPIO_ButtonInit
                0x00000000080002b0       0x30 ./Src/007spi_txonly_arduino.o
                0x00000000080002b0                GPIO_ButtonInit
 .text.main     0x00000000080002e0       0x94 ./Src/007spi_txonly_arduino.o
                0x00000000080002e0                main
 .text.Reset_Handler
                0x0000000008000374       0x50 ./Startup/startup_stm32f407vgtx.o
                0x0000000008000374                Reset_Handler
 .text.Default_Handler
                0x00000000080003c4        0x2 ./Startup/startup_stm32f407vgtx.o
                0x00000000080003c4                RTC_Alarm_IRQHandler
                0x00000000080003c4                HASH_RNG_IRQHandler
                0x00000000080003c4                EXTI2_IRQHandler
                0x00000000080003c4                TIM8_CC_IRQHandler
                0x00000000080003c4                DebugMon_Handler
                0x00000000080003c4                TIM1_CC_IRQHandler
                0x00000000080003c4                DMA2_Stream5_IRQHandler
                0x00000000080003c4                HardFault_Handler
                0x00000000080003c4                DMA1_Stream5_IRQHandler
                0x00000000080003c4                SysTick_Handler
                0x00000000080003c4                PVD_IRQHandler
                0x00000000080003c4                SDIO_IRQHandler
                0x00000000080003c4                TAMP_STAMP_IRQHandler
                0x00000000080003c4                PendSV_Handler
                0x00000000080003c4                NMI_Handler
                0x00000000080003c4                CAN2_RX1_IRQHandler
                0x00000000080003c4                EXTI3_IRQHandler
                0x00000000080003c4                TIM8_TRG_COM_TIM14_IRQHandler
                0x00000000080003c4                TIM1_UP_TIM10_IRQHandler
                0x00000000080003c4                TIM8_UP_TIM13_IRQHandler
                0x00000000080003c4                I2C3_ER_IRQHandler
                0x00000000080003c4                LCD_TFT_IRQHandler
                0x00000000080003c4                EXTI0_IRQHandler
                0x00000000080003c4                I2C2_EV_IRQHandler
                0x00000000080003c4                DMA1_Stream2_IRQHandler
                0x00000000080003c4                CAN1_RX0_IRQHandler
                0x00000000080003c4                FPU_IRQHandler
                0x00000000080003c4                OTG_HS_WKUP_IRQHandler
                0x00000000080003c4                UsageFault_Handler
                0x00000000080003c4                CAN2_SCE_IRQHandler
                0x00000000080003c4                DMA2_Stream2_IRQHandler
                0x00000000080003c4                SPI1_IRQHandler
                0x00000000080003c4                TIM6_DAC_IRQHandler
                0x00000000080003c4                TIM1_BRK_TIM9_IRQHandler
                0x00000000080003c4                DCMI_IRQHandler
                0x00000000080003c4                CAN2_RX0_IRQHandler
                0x00000000080003c4                DMA2_Stream3_IRQHandler
                0x00000000080003c4                USART6_IRQHandler
                0x00000000080003c4                USART3_IRQHandler
                0x00000000080003c4                CRYP_IRQHandler
                0x00000000080003c4                CAN1_RX1_IRQHandler
                0x00000000080003c4                UART5_IRQHandler
                0x00000000080003c4                DMA2_Stream0_IRQHandler
                0x00000000080003c4                TIM4_IRQHandler
                0x00000000080003c4                I2C1_EV_IRQHandler
                0x00000000080003c4                DMA1_Stream6_IRQHandler
                0x00000000080003c4                DMA1_Stream1_IRQHandler
                0x00000000080003c4                UART4_IRQHandler
                0x00000000080003c4                LCD_TFT_1_IRQHandler
                0x00000000080003c4                TIM3_IRQHandler
                0x00000000080003c4                RCC_IRQHandler
                0x00000000080003c4                TIM8_BRK_TIM12_IRQHandler
                0x00000000080003c4                Default_Handler
                0x00000000080003c4                EXTI15_10_IRQHandler
                0x00000000080003c4                ADC_IRQHandler
                0x00000000080003c4                DMA1_Stream7_IRQHandler
                0x00000000080003c4                TIM7_IRQHandler
                0x00000000080003c4                CAN2_TX_IRQHandler
                0x00000000080003c4                TIM5_IRQHandler
                0x00000000080003c4                DMA2_Stream7_IRQHandler
                0x00000000080003c4                I2C3_EV_IRQHandler
                0x00000000080003c4                EXTI9_5_IRQHandler
                0x00000000080003c4                RTC_WKUP_IRQHandler
                0x00000000080003c4                ETH_WKUP_IRQHandler
                0x00000000080003c4                SPI2_IRQHandler
                0x00000000080003c4                OTG_HS_EP1_IN_IRQHandler
                0x00000000080003c4                MemManage_Handler
                0x00000000080003c4                DMA1_Stream0_IRQHandler
                0x00000000080003c4                CAN1_TX_IRQHandler
                0x00000000080003c4                SVC_Handler
                0x00000000080003c4                EXTI4_IRQHandler
                0x00000000080003c4                FSMC_IRQHandler
                0x00000000080003c4                ETH_IRQHandler
                0x00000000080003c4                OTG_HS_EP1_OUT_IRQHandler
                0x00000000080003c4                WWDG_IRQHandler
                0x00000000080003c4                TIM2_IRQHandler
                0x00000000080003c4                OTG_FS_WKUP_IRQHandler
                0x00000000080003c4                TIM1_TRG_COM_TIM11_IRQHandler
                0x00000000080003c4                OTG_HS_IRQHandler
                0x00000000080003c4                EXTI1_IRQHandler
                0x00000000080003c4                USART2_IRQHandler
                0x00000000080003c4                I2C2_ER_IRQHandler
                0x00000000080003c4                DMA2_Stream1_IRQHandler
                0x00000000080003c4                CAN1_SCE_IRQHandler
                0x00000000080003c4                DMA2_Stream4_IRQHandler
                0x00000000080003c4                BusFault_Handler
                0x00000000080003c4                USART1_IRQHandler
                0x00000000080003c4                OTG_FS_IRQHandler
                0x00000000080003c4                SPI3_IRQHandler
                0x00000000080003c4                DMA1_Stream4_IRQHandler
                0x00000000080003c4                I2C1_ER_IRQHandler
                0x00000000080003c4                DMA2_Stream6_IRQHandler
                0x00000000080003c4                DMA1_Stream3_IRQHandler
 *fill*         0x00000000080003c6        0x2 
 .text.GPIO_PeriClockControl
                0x00000000080003c8      0x1d0 ./drivers/src/stm32f407xx_gpio_driver.o
                0x00000000080003c8                GPIO_PeriClockControl
 .text.GPIO_Init
                0x0000000008000598      0x344 ./drivers/src/stm32f407xx_gpio_driver.o
                0x0000000008000598                GPIO_Init
 .text.GPIO_ReadFromInputPin
                0x00000000080008dc       0x2c ./drivers/src/stm32f407xx_gpio_driver.o
                0x00000000080008dc                GPIO_ReadFromInputPin
 .text.SPI_PeriClockControl
                0x0000000008000908       0xb0 ./drivers/src/stm32f407xx_spi_driver.o
                0x0000000008000908                SPI_PeriClockControl
 .text.SPI_Init
                0x00000000080009b8       0xa0 ./drivers/src/stm32f407xx_spi_driver.o
                0x00000000080009b8                SPI_Init
 .text.SPI_GetFlagStatus
                0x0000000008000a58       0x28 ./drivers/src/stm32f407xx_spi_driver.o
                0x0000000008000a58                SPI_GetFlagStatus
 .text.SPI_SendData
                0x0000000008000a80       0x6e ./drivers/src/stm32f407xx_spi_driver.o
                0x0000000008000a80                SPI_SendData
 .text.SPI_PeripheralControl
                0x0000000008000aee       0x38 ./drivers/src/stm32f407xx_spi_driver.o
                0x0000000008000aee                SPI_PeripheralControl
 .text.SPI_SSOEConfig
                0x0000000008000b26       0x38 ./drivers/src/stm32f407xx_spi_driver.o
                0x0000000008000b26                SPI_SSOEConfig
 *fill*         0x0000000008000b5e        0x2 
 .text.__libc_init_array
                0x0000000008000b60       0x48 c:/st/stm32cubeide_1.10.1/stm32cubeide/plugins/com.st.stm32cube.ide.mcu.externaltools.gnu-tools-for-stm32.10.3-2021.10.win32_1.0.0.202111181127/tools/bin/../lib/gcc/arm-none-eabi/10.3.1/../../../../arm-none-eabi/lib/thumb/v7e-m+fp/hard\libc_nano.a(lib_a-init.o)
                0x0000000008000b60                __libc_init_array
 *(.glue_7)
 .glue_7        0x0000000008000ba8        0x0 linker stubs
 *(.glue_7t)
 .glue_7t       0x0000000008000ba8        0x0 linker stubs
 *(.eh_frame)
 .eh_frame      0x0000000008000ba8        0x0 c:/st/stm32cubeide_1.10.1/stm32cubeide/plugins/com.st.stm32cube.ide.mcu.externaltools.gnu-tools-for-stm32.10.3-2021.10.win32_1.0.0.202111181127/tools/bin/../lib/gcc/arm-none-eabi/10.3.1/thumb/v7e-m+fp/hard/crtbegin.o
 *(.init)
 .init          0x0000000008000ba8        0x4 c:/st/stm32cubeide_1.10.1/stm32cubeide/plugins/com.st.stm32cube.ide.mcu.externaltools.gnu-tools-for-stm32.10.3-2021.10.win32_1.0.0.202111181127/tools/bin/../lib/gcc/arm-none-eabi/10.3.1/thumb/v7e-m+fp/hard/crti.o
                0x0000000008000ba8                _init
 .init          0x0000000008000bac        0x8 c:/st/stm32cubeide_1.10.1/stm32cubeide/plugins/com.st.stm32cube.ide.mcu.externaltools.gnu-tools-for-stm32.10.3-2021.10.win32_1.0.0.202111181127/tools/bin/../lib/gcc/arm-none-eabi/10.3.1/thumb/v7e-m+fp/hard/crtn.o
 *(.fini)
 .fini          0x0000000008000bb4        0x4 c:/st/stm32cubeide_1.10.1/stm32cubeide/plugins/com.st.stm32cube.ide.mcu.externaltools.gnu-tools-for-stm32.10.3-2021.10.win32_1.0.0.202111181127/tools/bin/../lib/gcc/arm-none-eabi/10.3.1/thumb/v7e-m+fp/hard/crti.o
                0x0000000008000bb4                _fini
 .fini          0x0000000008000bb8        0x8 c:/st/stm32cubeide_1.10.1/stm32cubeide/plugins/com.st.stm32cube.ide.mcu.externaltools.gnu-tools-for-stm32.10.3-2021.10.win32_1.0.0.202111181127/tools/bin/../lib/gcc/arm-none-eabi/10.3.1/thumb/v7e-m+fp/hard/crtn.o
                0x0000000008000bc0                . = ALIGN (0x4)
                0x0000000008000bc0                _etext = .

.vfp11_veneer   0x0000000008000bc0        0x0
 .vfp11_veneer  0x0000000008000bc0        0x0 linker stubs

.v4_bx          0x0000000008000bc0        0x0
 .v4_bx         0x0000000008000bc0        0x0 linker stubs

.iplt           0x0000000008000bc0        0x0
 .iplt          0x0000000008000bc0        0x0 c:/st/stm32cubeide_1.10.1/stm32cubeide/plugins/com.st.stm32cube.ide.mcu.externaltools.gnu-tools-for-stm32.10.3-2021.10.win32_1.0.0.202111181127/tools/bin/../lib/gcc/arm-none-eabi/10.3.1/thumb/v7e-m+fp/hard/crtbegin.o

.rodata         0x0000000008000bc0        0xc
                0x0000000008000bc0                . = ALIGN (0x4)
 *(.rodata)
 .rodata        0x0000000008000bc0        0xc ./Src/007spi_txonly_arduino.o
 *(.rodata*)
                0x0000000008000bcc                . = ALIGN (0x4)

.rel.dyn        0x0000000008000bcc        0x0
 .rel.iplt      0x0000000008000bcc        0x0 c:/st/stm32cubeide_1.10.1/stm32cubeide/plugins/com.st.stm32cube.ide.mcu.externaltools.gnu-tools-for-stm32.10.3-2021.10.win32_1.0.0.202111181127/tools/bin/../lib/gcc/arm-none-eabi/10.3.1/thumb/v7e-m+fp/hard/crtbegin.o

.ARM.extab      0x0000000008000bcc        0x0
                0x0000000008000bcc                . = ALIGN (0x4)
 *(.ARM.extab* .gnu.linkonce.armextab.*)
                0x0000000008000bcc                . = ALIGN (0x4)

.ARM            0x0000000008000bcc        0x0
                0x0000000008000bcc                . = ALIGN (0x4)
                0x0000000008000bcc                __exidx_start = .
 *(.ARM.exidx*)
                0x0000000008000bcc                __exidx_end = .
                0x0000000008000bcc                . = ALIGN (0x4)

.preinit_array  0x0000000008000bcc        0x0
                0x0000000008000bcc                . = ALIGN (0x4)
                0x0000000008000bcc                PROVIDE (__preinit_array_start = .)
 *(.preinit_array*)
                0x0000000008000bcc                PROVIDE (__preinit_array_end = .)
                0x0000000008000bcc                . = ALIGN (0x4)

.init_array     0x0000000008000bcc        0x4
                0x0000000008000bcc                . = ALIGN (0x4)
                0x0000000008000bcc                PROVIDE (__init_array_start = .)
 *(SORT_BY_NAME(.init_array.*))
 *(.init_array*)
 .init_array    0x0000000008000bcc        0x4 c:/st/stm32cubeide_1.10.1/stm32cubeide/plugins/com.st.stm32cube.ide.mcu.externaltools.gnu-tools-for-stm32.10.3-2021.10.win32_1.0.0.202111181127/tools/bin/../lib/gcc/arm-none-eabi/10.3.1/thumb/v7e-m+fp/hard/crtbegin.o
                0x0000000008000bd0                PROVIDE (__init_array_end = .)
                0x0000000008000bd0                . = ALIGN (0x4)

.fini_array     0x0000000008000bd0        0x4
                0x0000000008000bd0                . = ALIGN (0x4)
                [!provide]                        PROVIDE (__fini_array_start = .)
 *(SORT_BY_NAME(.fini_array.*))
 *(.fini_array*)
 .fini_array    0x0000000008000bd0        0x4 c:/st/stm32cubeide_1.10.1/stm32cubeide/plugins/com.st.stm32cube.ide.mcu.externaltools.gnu-tools-for-stm32.10.3-2021.10.win32_1.0.0.202111181127/tools/bin/../lib/gcc/arm-none-eabi/10.3.1/thumb/v7e-m+fp/hard/crtbegin.o
                [!provide]                        PROVIDE (__fini_array_end = .)
                0x0000000008000bd4                . = ALIGN (0x4)
                0x0000000008000bd4                _sidata = LOADADDR (.data)

.data           0x0000000020000000        0x0 load address 0x0000000008000bd4
                0x0000000020000000                . = ALIGN (0x4)
                0x0000000020000000                _sdata = .
 *(.data)
 *(.data*)
 *(.RamFunc)
 *(.RamFunc*)
                0x0000000020000000                . = ALIGN (0x4)
                0x0000000020000000                _edata = .
                0x0000000008000bd4                _siccmram = LOADADDR (.ccmram)

.igot.plt       0x0000000020000000        0x0 load address 0x0000000008000bd4
 .igot.plt      0x0000000020000000        0x0 c:/st/stm32cubeide_1.10.1/stm32cubeide/plugins/com.st.stm32cube.ide.mcu.externaltools.gnu-tools-for-stm32.10.3-2021.10.win32_1.0.0.202111181127/tools/bin/../lib/gcc/arm-none-eabi/10.3.1/thumb/v7e-m+fp/hard/crtbegin.o

.ccmram         0x0000000010000000        0x0 load address 0x0000000008000bd4
                0x0000000010000000                . = ALIGN (0x4)
                0x0000000010000000                _sccmram = .
 *(.ccmram)
 *(.ccmram*)
                0x0000000010000000                . = ALIGN (0x4)
                0x0000000010000000                _eccmram = .
                0x0000000010000000                . = ALIGN (0x4)

.bss            0x0000000020000000       0x1c
                0x0000000020000000                _sbss = .
                0x0000000020000000                __bss_start__ = _sbss
 *(.bss)
 .bss           0x0000000020000000       0x1c c:/st/stm32cubeide_1.10.1/stm32cubeide/plugins/com.st.stm32cube.ide.mcu.externaltools.gnu-tools-for-stm32.10.3-2021.10.win32_1.0.0.202111181127/tools/bin/../lib/gcc/arm-none-eabi/10.3.1/thumb/v7e-m+fp/hard/crtbegin.o
 *(.bss*)
 *(COMMON)
                0x000000002000001c                . = ALIGN (0x4)
                0x000000002000001c                _ebss = .
                0x000000002000001c                __bss_end__ = _ebss

._user_heap_stack
                0x000000002000001c      0x604
                0x0000000020000020                . = ALIGN (0x8)
 *fill*         0x000000002000001c        0x4 
                [!provide]                        PROVIDE (end = .)
                [!provide]                        PROVIDE (_end = .)
                0x0000000020000220                . = (. + _Min_Heap_Size)
 *fill*         0x0000000020000020      0x200 
                0x0000000020000620                . = (. + _Min_Stack_Size)
 *fill*         0x0000000020000220      0x400 
                0x0000000020000620                . = ALIGN (0x8)

/DISCARD/
 libc.a(*)
 libm.a(*)
 libgcc.a(*)

.ARM.attributes
                0x0000000000000000       0x30
 *(.ARM.attributes)
 .ARM.attributes
                0x0000000000000000       0x1e c:/st/stm32cubeide_1.10.1/stm32cubeide/plugins/com.st.stm32cube.ide.mcu.externaltools.gnu-tools-for-stm32.10.3-2021.10.win32_1.0.0.202111181127/tools/bin/../lib/gcc/arm-none-eabi/10.3.1/thumb/v7e-m+fp/hard/crti.o
 .ARM.attributes
                0x000000000000001e       0x34 c:/st/stm32cubeide_1.10.1/stm32cubeide/plugins/com.st.stm32cube.ide.mcu.externaltools.gnu-tools-for-stm32.10.3-2021.10.win32_1.0.0.202111181127/tools/bin/../lib/gcc/arm-none-eabi/10.3.1/thumb/v7e-m+fp/hard/crtbegin.o
 .ARM.attributes
                0x0000000000000052       0x34 ./Src/007spi_txonly_arduino.o
 .ARM.attributes
                0x0000000000000086       0x21 ./Startup/startup_stm32f407vgtx.o
 .ARM.attributes
                0x00000000000000a7       0x34 ./drivers/src/stm32f407xx_gpio_driver.o
 .ARM.attributes
                0x00000000000000db       0x34 ./drivers/src/stm32f407xx_spi_driver.o
 .ARM.attributes
                0x000000000000010f       0x34 c:/st/stm32cubeide_1.10.1/stm32cubeide/plugins/com.st.stm32cube.ide.mcu.externaltools.gnu-tools-for-stm32.10.3-2021.10.win32_1.0.0.202111181127/tools/bin/../lib/gcc/arm-none-eabi/10.3.1/../../../../arm-none-eabi/lib/thumb/v7e-m+fp/hard\libc_nano.a(lib_a-init.o)
 .ARM.attributes
                0x0000000000000143       0x17 c:/st/stm32cubeide_1.10.1/stm32cubeide/plugins/com.st.stm32cube.ide.mcu.externaltools.gnu-tools-for-stm32.10.3-2021.10.win32_1.0.0.202111181127/tools/bin/../lib/gcc/arm-none-eabi/10.3.1/../../../../arm-none-eabi/lib/thumb/v7e-m+fp/hard\libc_nano.a(lib_a-strlen.o)
 .ARM.attributes
                0x000000000000015a       0x1e c:/st/stm32cubeide_1.10.1/stm32cubeide/plugins/com.st.stm32cube.ide.mcu.externaltools.gnu-tools-for-stm32.10.3-2021.10.win32_1.0.0.202111181127/tools/bin/../lib/gcc/arm-none-eabi/10.3.1/thumb/v7e-m+fp/hard/crtn.o
OUTPUT(stm32f4xx_drives.elf elf32-littlearm)
LOAD linker stubs
LOAD c:/st/stm32cubeide_1.10.1/stm32cubeide/plugins/com.st.stm32cube.ide.mcu.externaltools.gnu-tools-for-stm32.10.3-2021.10.win32_1.0.0.202111181127/tools/bin/../lib/gcc/arm-none-eabi/10.3.1/../../../../arm-none-eabi/lib/thumb/v7e-m+fp/hard\libc.a
LOAD c:/st/stm32cubeide_1.10.1/stm32cubeide/plugins/com.st.stm32cube.ide.mcu.externaltools.gnu-tools-for-stm32.10.3-2021.10.win32_1.0.0.202111181127/tools/bin/../lib/gcc/arm-none-eabi/10.3.1/../../../../arm-none-eabi/lib/thumb/v7e-m+fp/hard\libm.a
LOAD c:/st/stm32cubeide_1.10.1/stm32cubeide/plugins/com.st.stm32cube.ide.mcu.externaltools.gnu-tools-for-stm32.10.3-2021.10.win32_1.0.0.202111181127/tools/bin/../lib/gcc/arm-none-eabi/10.3.1/thumb/v7e-m+fp/hard\libgcc.a

.debug_info     0x0000000000000000     0x125f
 .debug_info    0x0000000000000000      0x515 ./Src/007spi_txonly_arduino.o
 .debug_info    0x0000000000000515       0x22 ./Startup/startup_stm32f407vgtx.o
 .debug_info    0x0000000000000537      0x7a8 ./drivers/src/stm32f407xx_gpio_driver.o
 .debug_info    0x0000000000000cdf      0x580 ./drivers/src/stm32f407xx_spi_driver.o

.debug_abbrev   0x0000000000000000      0x42c
 .debug_abbrev  0x0000000000000000      0x175 ./Src/007spi_txonly_arduino.o
 .debug_abbrev  0x0000000000000175       0x12 ./Startup/startup_stm32f407vgtx.o
 .debug_abbrev  0x0000000000000187      0x173 ./drivers/src/stm32f407xx_gpio_driver.o
 .debug_abbrev  0x00000000000002fa      0x132 ./drivers/src/stm32f407xx_spi_driver.o

.debug_aranges  0x0000000000000000      0x130
 .debug_aranges
                0x0000000000000000       0x40 ./Src/007spi_txonly_arduino.o
 .debug_aranges
                0x0000000000000040       0x28 ./Startup/startup_stm32f407vgtx.o
 .debug_aranges
                0x0000000000000068       0x70 ./drivers/src/stm32f407xx_gpio_driver.o
 .debug_aranges
                0x00000000000000d8       0x58 ./drivers/src/stm32f407xx_spi_driver.o

.debug_ranges   0x0000000000000000       0xf8
 .debug_ranges  0x0000000000000000       0x30 ./Src/007spi_txonly_arduino.o
 .debug_ranges  0x0000000000000030       0x20 ./Startup/startup_stm32f407vgtx.o
 .debug_ranges  0x0000000000000050       0x60 ./drivers/src/stm32f407xx_gpio_driver.o
 .debug_ranges  0x00000000000000b0       0x48 ./drivers/src/stm32f407xx_spi_driver.o

.debug_macro    0x0000000000000000     0x2124
 .debug_macro   0x0000000000000000      0x15d ./Src/007spi_txonly_arduino.o
 .debug_macro   0x000000000000015d      0xa84 ./Src/007spi_txonly_arduino.o
 .debug_macro   0x0000000000000be1       0x22 ./Src/007spi_txonly_arduino.o
 .debug_macro   0x0000000000000c03       0x4c ./Src/007spi_txonly_arduino.o
 .debug_macro   0x0000000000000c4f       0x1e ./Src/007spi_txonly_arduino.o
 .debug_macro   0x0000000000000c6d       0x94 ./Src/007spi_txonly_arduino.o
 .debug_macro   0x0000000000000d01       0x3c ./Src/007spi_txonly_arduino.o
 .debug_macro   0x0000000000000d3d       0x34 ./Src/007spi_txonly_arduino.o
 .debug_macro   0x0000000000000d71      0x174 ./Src/007spi_txonly_arduino.o
 .debug_macro   0x0000000000000ee5       0x16 ./Src/007spi_txonly_arduino.o
 .debug_macro   0x0000000000000efb       0x43 ./Src/007spi_txonly_arduino.o
 .debug_macro   0x0000000000000f3e       0x57 ./Src/007spi_txonly_arduino.o
 .debug_macro   0x0000000000000f95       0x34 ./Src/007spi_txonly_arduino.o
 .debug_macro   0x0000000000000fc9       0x10 ./Src/007spi_txonly_arduino.o
 .debug_macro   0x0000000000000fd9       0x58 ./Src/007spi_txonly_arduino.o
 .debug_macro   0x0000000000001031       0x71 ./Src/007spi_txonly_arduino.o
 .debug_macro   0x00000000000010a2       0x1c ./Src/007spi_txonly_arduino.o
 .debug_macro   0x00000000000010be      0x12a ./Src/007spi_txonly_arduino.o
 .debug_macro   0x00000000000011e8      0x341 ./Src/007spi_txonly_arduino.o
 .debug_macro   0x0000000000001529       0x10 ./Src/007spi_txonly_arduino.o
 .debug_macro   0x0000000000001539       0x35 ./Src/007spi_txonly_arduino.o
 .debug_macro   0x000000000000156e       0x20 ./Src/007spi_txonly_arduino.o
 .debug_macro   0x000000000000158e      0x103 ./Src/007spi_txonly_arduino.o
 .debug_macro   0x0000000000001691       0x6a ./Src/007spi_txonly_arduino.o
 .debug_macro   0x00000000000016fb      0x1df ./Src/007spi_txonly_arduino.o
 .debug_macro   0x00000000000018da      0x445 ./Src/007spi_txonly_arduino.o
 .debug_macro   0x0000000000001d1f       0xc4 ./Src/007spi_txonly_arduino.o
 .debug_macro   0x0000000000001de3       0x9a ./Src/007spi_txonly_arduino.o
 .debug_macro   0x0000000000001e7d       0x9a ./drivers/src/stm32f407xx_gpio_driver.o
 .debug_macro   0x0000000000001f17       0x8e ./drivers/src/stm32f407xx_gpio_driver.o
 .debug_macro   0x0000000000001fa5       0x51 ./drivers/src/stm32f407xx_gpio_driver.o
 .debug_macro   0x0000000000001ff6       0x94 ./drivers/src/stm32f407xx_gpio_driver.o
 .debug_macro   0x000000000000208a       0x9a ./drivers/src/stm32f407xx_spi_driver.o

.debug_line     0x0000000000000000     0x165f
 .debug_line    0x0000000000000000      0x673 ./Src/007spi_txonly_arduino.o
 .debug_line    0x0000000000000673       0x84 ./Startup/startup_stm32f407vgtx.o
 .debug_line    0x00000000000006f7      0x9a1 ./drivers/src/stm32f407xx_gpio_driver.o
 .debug_line    0x0000000000001098      0x5c7 ./drivers/src/stm32f407xx_spi_driver.o

.debug_str      0x0000000000000000     0x8c6f
 .debug_str     0x0000000000000000     0x891f ./Src/007spi_txonly_arduino.o
                                       0x8b21 (size before relaxing)
 .debug_str     0x000000000000891f       0x31 ./Startup/startup_stm32f407vgtx.o
                                         0x68 (size before relaxing)
 .debug_str     0x0000000000008950      0x2b2 ./drivers/src/stm32f407xx_gpio_driver.o
                                       0x5ae9 (size before relaxing)
 .debug_str     0x0000000000008c02       0x6d ./drivers/src/stm32f407xx_spi_driver.o
                                       0x59e9 (size before relaxing)

.comment        0x0000000000000000       0x50
 .comment       0x0000000000000000       0x50 ./Src/007spi_txonly_arduino.o
                                         0x51 (size before relaxing)
 .comment       0x0000000000000050       0x51 ./drivers/src/stm32f407xx_gpio_driver.o
 .comment       0x0000000000000050       0x51 ./drivers/src/stm32f407xx_spi_driver.o

.debug_frame    0x0000000000000000      0x404
 .debug_frame   0x0000000000000000       0xc4 ./Src/007spi_txonly_arduino.o
 .debug_frame   0x00000000000000c4      0x1c8 ./drivers/src/stm32f407xx_gpio_driver.o
 .debug_frame   0x000000000000028c      0x14c ./drivers/src/stm32f407xx_spi_driver.o
 .debug_frame   0x00000000000003d8       0x2c c:/st/stm32cubeide_1.10.1/stm32cubeide/plugins/com.st.stm32cube.ide.mcu.externaltools.gnu-tools-for-stm32.10.3-2021.10.win32_1.0.0.202111181127/tools/bin/../lib/gcc/arm-none-eabi/10.3.1/../../../../arm-none-eabi/lib/thumb/v7e-m+fp/hard\libc_nano.a(lib_a-init.o)
