Archive member included to satisfy reference by file (symbol)

c:/st/stm32cubeide_1.10.1/stm32cubeide/plugins/com.st.stm32cube.ide.mcu.externaltools.gnu-tools-for-stm32.10.3-2021.10.win32_1.0.100.202210260954/tools/bin/../lib/gcc/arm-none-eabi/10.3.1/../../../../arm-none-eabi/lib/thumb/v7e-m/nofp\libc_nano.a(lib_a-exit.o)
                              c:/st/stm32cubeide_1.10.1/stm32cubeide/plugins/com.st.stm32cube.ide.mcu.externaltools.gnu-tools-for-stm32.10.3-2021.10.win32_1.0.100.202210260954/tools/bin/../lib/gcc/arm-none-eabi/10.3.1/../../../../arm-none-eabi/lib/thumb/v7e-m/nofp/crt0.o (exit)
c:/st/stm32cubeide_1.10.1/stm32cubeide/plugins/com.st.stm32cube.ide.mcu.externaltools.gnu-tools-for-stm32.10.3-2021.10.win32_1.0.100.202210260954/tools/bin/../lib/gcc/arm-none-eabi/10.3.1/../../../../arm-none-eabi/lib/thumb/v7e-m/nofp\libc_nano.a(lib_a-impure.o)
                              c:/st/stm32cubeide_1.10.1/stm32cubeide/plugins/com.st.stm32cube.ide.mcu.externaltools.gnu-tools-for-stm32.10.3-2021.10.win32_1.0.100.202210260954/tools/bin/../lib/gcc/arm-none-eabi/10.3.1/../../../../arm-none-eabi/lib/thumb/v7e-m/nofp\libc_nano.a(lib_a-exit.o) (_global_impure_ptr)
c:/st/stm32cubeide_1.10.1/stm32cubeide/plugins/com.st.stm32cube.ide.mcu.externaltools.gnu-tools-for-stm32.10.3-2021.10.win32_1.0.100.202210260954/tools/bin/../lib/gcc/arm-none-eabi/10.3.1/../../../../arm-none-eabi/lib/thumb/v7e-m/nofp\libc_nano.a(lib_a-init.o)
                              c:/st/stm32cubeide_1.10.1/stm32cubeide/plugins/com.st.stm32cube.ide.mcu.externaltools.gnu-tools-for-stm32.10.3-2021.10.win32_1.0.100.202210260954/tools/bin/../lib/gcc/arm-none-eabi/10.3.1/../../../../arm-none-eabi/lib/thumb/v7e-m/nofp/crt0.o (__libc_init_array)
c:/st/stm32cubeide_1.10.1/stm32cubeide/plugins/com.st.stm32cube.ide.mcu.externaltools.gnu-tools-for-stm32.10.3-2021.10.win32_1.0.100.202210260954/tools/bin/../lib/gcc/arm-none-eabi/10.3.1/../../../../arm-none-eabi/lib/thumb/v7e-m/nofp\libc_nano.a(lib_a-memset.o)
                              c:/st/stm32cubeide_1.10.1/stm32cubeide/plugins/com.st.stm32cube.ide.mcu.externaltools.gnu-tools-for-stm32.10.3-2021.10.win32_1.0.100.202210260954/tools/bin/../lib/gcc/arm-none-eabi/10.3.1/../../../../arm-none-eabi/lib/thumb/v7e-m/nofp/crt0.o (memset)
c:/st/stm32cubeide_1.10.1/stm32cubeide/plugins/com.st.stm32cube.ide.mcu.externaltools.gnu-tools-for-stm32.10.3-2021.10.win32_1.0.100.202210260954/tools/bin/../lib/gcc/arm-none-eabi/10.3.1/../../../../arm-none-eabi/lib/thumb/v7e-m/nofp\libnosys.a(_exit.o)
                              c:/st/stm32cubeide_1.10.1/stm32cubeide/plugins/com.st.stm32cube.ide.mcu.externaltools.gnu-tools-for-stm32.10.3-2021.10.win32_1.0.100.202210260954/tools/bin/../lib/gcc/arm-none-eabi/10.3.1/../../../../arm-none-eabi/lib/thumb/v7e-m/nofp\libc_nano.a(lib_a-exit.o) (_exit)

Discarded input sections

 .text          0x0000000000000000        0x0 c:/st/stm32cubeide_1.10.1/stm32cubeide/plugins/com.st.stm32cube.ide.mcu.externaltools.gnu-tools-for-stm32.10.3-2021.10.win32_1.0.100.202210260954/tools/bin/../lib/gcc/arm-none-eabi/10.3.1/thumb/v7e-m/nofp/crti.o
 .data          0x0000000000000000        0x0 c:/st/stm32cubeide_1.10.1/stm32cubeide/plugins/com.st.stm32cube.ide.mcu.externaltools.gnu-tools-for-stm32.10.3-2021.10.win32_1.0.100.202210260954/tools/bin/../lib/gcc/arm-none-eabi/10.3.1/thumb/v7e-m/nofp/crti.o
 .bss           0x0000000000000000        0x0 c:/st/stm32cubeide_1.10.1/stm32cubeide/plugins/com.st.stm32cube.ide.mcu.externaltools.gnu-tools-for-stm32.10.3-2021.10.win32_1.0.100.202210260954/tools/bin/../lib/gcc/arm-none-eabi/10.3.1/thumb/v7e-m/nofp/crti.o
 .data          0x0000000000000000        0x4 c:/st/stm32cubeide_1.10.1/stm32cubeide/plugins/com.st.stm32cube.ide.mcu.externaltools.gnu-tools-for-stm32.10.3-2021.10.win32_1.0.100.202210260954/tools/bin/../lib/gcc/arm-none-eabi/10.3.1/thumb/v7e-m/nofp/crtbegin.o
 .rodata        0x0000000000000000       0x24 c:/st/stm32cubeide_1.10.1/stm32cubeide/plugins/com.st.stm32cube.ide.mcu.externaltools.gnu-tools-for-stm32.10.3-2021.10.win32_1.0.100.202210260954/tools/bin/../lib/gcc/arm-none-eabi/10.3.1/thumb/v7e-m/nofp/crtbegin.o
 .text          0x0000000000000000       0x7c c:/st/stm32cubeide_1.10.1/stm32cubeide/plugins/com.st.stm32cube.ide.mcu.externaltools.gnu-tools-for-stm32.10.3-2021.10.win32_1.0.100.202210260954/tools/bin/../lib/gcc/arm-none-eabi/10.3.1/../../../../arm-none-eabi/lib/thumb/v7e-m/nofp/crt0.o
 .data          0x0000000000000000        0x0 c:/st/stm32cubeide_1.10.1/stm32cubeide/plugins/com.st.stm32cube.ide.mcu.externaltools.gnu-tools-for-stm32.10.3-2021.10.win32_1.0.100.202210260954/tools/bin/../lib/gcc/arm-none-eabi/10.3.1/../../../../arm-none-eabi/lib/thumb/v7e-m/nofp/crt0.o
 .bss           0x0000000000000000        0x0 c:/st/stm32cubeide_1.10.1/stm32cubeide/plugins/com.st.stm32cube.ide.mcu.externaltools.gnu-tools-for-stm32.10.3-2021.10.win32_1.0.100.202210260954/tools/bin/../lib/gcc/arm-none-eabi/10.3.1/../../../../arm-none-eabi/lib/thumb/v7e-m/nofp/crt0.o
 .ARM.extab     0x0000000000000000        0x0 c:/st/stm32cubeide_1.10.1/stm32cubeide/plugins/com.st.stm32cube.ide.mcu.externaltools.gnu-tools-for-stm32.10.3-2021.10.win32_1.0.100.202210260954/tools/bin/../lib/gcc/arm-none-eabi/10.3.1/../../../../arm-none-eabi/lib/thumb/v7e-m/nofp/crt0.o
 .ARM.exidx     0x0000000000000000       0x10 c:/st/stm32cubeide_1.10.1/stm32cubeide/plugins/com.st.stm32cube.ide.mcu.externaltools.gnu-tools-for-stm32.10.3-2021.10.win32_1.0.100.202210260954/tools/bin/../lib/gcc/arm-none-eabi/10.3.1/../../../../arm-none-eabi/lib/thumb/v7e-m/nofp/crt0.o
 .ARM.attributes
                0x0000000000000000       0x1c c:/st/stm32cubeide_1.10.1/stm32cubeide/plugins/com.st.stm32cube.ide.mcu.externaltools.gnu-tools-for-stm32.10.3-2021.10.win32_1.0.100.202210260954/tools/bin/../lib/gcc/arm-none-eabi/10.3.1/../../../../arm-none-eabi/lib/thumb/v7e-m/nofp/crt0.o
 .group         0x0000000000000000        0xc ./Src/011i2c_master_rx_testing.o
 .group         0x0000000000000000        0xc ./Src/011i2c_master_rx_testing.o
 .group         0x0000000000000000        0xc ./Src/011i2c_master_rx_testing.o
 .group         0x0000000000000000        0xc ./Src/011i2c_master_rx_testing.o
 .group         0x0000000000000000        0xc ./Src/011i2c_master_rx_testing.o
 .group         0x0000000000000000        0xc ./Src/011i2c_master_rx_testing.o
 .group         0x0000000000000000        0xc ./Src/011i2c_master_rx_testing.o
 .group         0x0000000000000000        0xc ./Src/011i2c_master_rx_testing.o
 .group         0x0000000000000000        0xc ./Src/011i2c_master_rx_testing.o
 .group         0x0000000000000000        0xc ./Src/011i2c_master_rx_testing.o
 .group         0x0000000000000000        0xc ./Src/011i2c_master_rx_testing.o
 .group         0x0000000000000000        0xc ./Src/011i2c_master_rx_testing.o
 .group         0x0000000000000000        0xc ./Src/011i2c_master_rx_testing.o
 .group         0x0000000000000000        0xc ./Src/011i2c_master_rx_testing.o
 .group         0x0000000000000000        0xc ./Src/011i2c_master_rx_testing.o
 .group         0x0000000000000000        0xc ./Src/011i2c_master_rx_testing.o
 .group         0x0000000000000000        0xc ./Src/011i2c_master_rx_testing.o
 .group         0x0000000000000000        0xc ./Src/011i2c_master_rx_testing.o
 .group         0x0000000000000000        0xc ./Src/011i2c_master_rx_testing.o
 .group         0x0000000000000000        0xc ./Src/011i2c_master_rx_testing.o
 .group         0x0000000000000000        0xc ./Src/011i2c_master_rx_testing.o
 .group         0x0000000000000000        0xc ./Src/011i2c_master_rx_testing.o
 .group         0x0000000000000000        0xc ./Src/011i2c_master_rx_testing.o
 .group         0x0000000000000000        0xc ./Src/011i2c_master_rx_testing.o
 .group         0x0000000000000000        0xc ./Src/011i2c_master_rx_testing.o
 .group         0x0000000000000000        0xc ./Src/011i2c_master_rx_testing.o
 .group         0x0000000000000000        0xc ./Src/011i2c_master_rx_testing.o
 .group         0x0000000000000000        0xc ./Src/011i2c_master_rx_testing.o
 .group         0x0000000000000000        0xc ./Src/011i2c_master_rx_testing.o
 .group         0x0000000000000000        0xc ./Src/011i2c_master_rx_testing.o
 .group         0x0000000000000000        0xc ./Src/011i2c_master_rx_testing.o
 .group         0x0000000000000000        0xc ./Src/011i2c_master_rx_testing.o
 .group         0x0000000000000000        0xc ./Src/011i2c_master_rx_testing.o
 .group         0x0000000000000000        0xc ./Src/011i2c_master_rx_testing.o
 .group         0x0000000000000000        0xc ./Src/011i2c_master_rx_testing.o
 .group         0x0000000000000000        0xc ./Src/011i2c_master_rx_testing.o
 .group         0x0000000000000000        0xc ./Src/011i2c_master_rx_testing.o
 .group         0x0000000000000000        0xc ./Src/011i2c_master_rx_testing.o
 .group         0x0000000000000000        0xc ./Src/011i2c_master_rx_testing.o
 .group         0x0000000000000000        0xc ./Src/011i2c_master_rx_testing.o
 .group         0x0000000000000000        0xc ./Src/011i2c_master_rx_testing.o
 .group         0x0000000000000000        0xc ./Src/011i2c_master_rx_testing.o
 .text          0x0000000000000000        0x0 ./Src/011i2c_master_rx_testing.o
 .data          0x0000000000000000        0x0 ./Src/011i2c_master_rx_testing.o
 .bss           0x0000000000000000        0x0 ./Src/011i2c_master_rx_testing.o
 .text          0x0000000000000000       0x14 ./Startup/startup_stm32f407vgtx.o
 .data          0x0000000000000000        0x0 ./Startup/startup_stm32f407vgtx.o
 .bss           0x0000000000000000        0x0 ./Startup/startup_stm32f407vgtx.o
 .group         0x0000000000000000        0xc ./drivers/src/stm32f407xx_gpio_driver.o
 .group         0x0000000000000000        0xc ./drivers/src/stm32f407xx_gpio_driver.o
 .group         0x0000000000000000        0xc ./drivers/src/stm32f407xx_gpio_driver.o
 .group         0x0000000000000000        0xc ./drivers/src/stm32f407xx_gpio_driver.o
 .group         0x0000000000000000        0xc ./drivers/src/stm32f407xx_gpio_driver.o
 .group         0x0000000000000000        0xc ./drivers/src/stm32f407xx_gpio_driver.o
 .group         0x0000000000000000        0xc ./drivers/src/stm32f407xx_gpio_driver.o
 .group         0x0000000000000000        0xc ./drivers/src/stm32f407xx_gpio_driver.o
 .group         0x0000000000000000        0xc ./drivers/src/stm32f407xx_gpio_driver.o
 .group         0x0000000000000000        0xc ./drivers/src/stm32f407xx_gpio_driver.o
 .group         0x0000000000000000        0xc ./drivers/src/stm32f407xx_gpio_driver.o
 .group         0x0000000000000000        0xc ./drivers/src/stm32f407xx_gpio_driver.o
 .text          0x0000000000000000        0x0 ./drivers/src/stm32f407xx_gpio_driver.o
 .data          0x0000000000000000        0x0 ./drivers/src/stm32f407xx_gpio_driver.o
 .bss           0x0000000000000000        0x0 ./drivers/src/stm32f407xx_gpio_driver.o
 .text.GPIO_DeInt
                0x0000000000000000      0x16c ./drivers/src/stm32f407xx_gpio_driver.o
 .text.GPIO_ReadFromInputPort
                0x0000000000000000       0x1c ./drivers/src/stm32f407xx_gpio_driver.o
 .text.GPIO_WriteToOutputPin
                0x0000000000000000       0x48 ./drivers/src/stm32f407xx_gpio_driver.o
 .text.GPIO_WriteToOutputPort
                0x0000000000000000       0x1c ./drivers/src/stm32f407xx_gpio_driver.o
 .text.GPIO_ToggleOutputPin
                0x0000000000000000       0x28 ./drivers/src/stm32f407xx_gpio_driver.o
 .text.GPIO_IRQConfig
                0x0000000000000000      0x108 ./drivers/src/stm32f407xx_gpio_driver.o
 .text.GPIO_IRQPriorityConfig
                0x0000000000000000       0x52 ./drivers/src/stm32f407xx_gpio_driver.o
 .text.GPIO_IRQHandling
                0x0000000000000000       0x40 ./drivers/src/stm32f407xx_gpio_driver.o
 .debug_macro   0x0000000000000000      0xa78 ./drivers/src/stm32f407xx_gpio_driver.o
 .debug_macro   0x0000000000000000       0x22 ./drivers/src/stm32f407xx_gpio_driver.o
 .debug_macro   0x0000000000000000      0x103 ./drivers/src/stm32f407xx_gpio_driver.o
 .debug_macro   0x0000000000000000       0x6a ./drivers/src/stm32f407xx_gpio_driver.o
 .debug_macro   0x0000000000000000      0x1df ./drivers/src/stm32f407xx_gpio_driver.o
 .debug_macro   0x0000000000000000      0x5b0 ./drivers/src/stm32f407xx_gpio_driver.o
 .debug_macro   0x0000000000000000       0x7c ./drivers/src/stm32f407xx_gpio_driver.o
 .debug_macro   0x0000000000000000       0xc4 ./drivers/src/stm32f407xx_gpio_driver.o
 .group         0x0000000000000000        0xc ./drivers/src/stm32f407xx_i2c_driver.o
 .group         0x0000000000000000        0xc ./drivers/src/stm32f407xx_i2c_driver.o
 .group         0x0000000000000000        0xc ./drivers/src/stm32f407xx_i2c_driver.o
 .group         0x0000000000000000        0xc ./drivers/src/stm32f407xx_i2c_driver.o
 .group         0x0000000000000000        0xc ./drivers/src/stm32f407xx_i2c_driver.o
 .group         0x0000000000000000        0xc ./drivers/src/stm32f407xx_i2c_driver.o
 .group         0x0000000000000000        0xc ./drivers/src/stm32f407xx_i2c_driver.o
 .group         0x0000000000000000        0xc ./drivers/src/stm32f407xx_i2c_driver.o
 .group         0x0000000000000000        0xc ./drivers/src/stm32f407xx_i2c_driver.o
 .group         0x0000000000000000        0xc ./drivers/src/stm32f407xx_i2c_driver.o
 .group         0x0000000000000000        0xc ./drivers/src/stm32f407xx_i2c_driver.o
 .group         0x0000000000000000        0xc ./drivers/src/stm32f407xx_i2c_driver.o
 .text          0x0000000000000000        0x0 ./drivers/src/stm32f407xx_i2c_driver.o
 .data          0x0000000000000000        0x0 ./drivers/src/stm32f407xx_i2c_driver.o
 .bss           0x0000000000000000        0x0 ./drivers/src/stm32f407xx_i2c_driver.o
 .text.I2C_DeInt
                0x0000000000000000       0x12 ./drivers/src/stm32f407xx_i2c_driver.o
 .debug_macro   0x0000000000000000      0xa78 ./drivers/src/stm32f407xx_i2c_driver.o
 .debug_macro   0x0000000000000000       0x22 ./drivers/src/stm32f407xx_i2c_driver.o
 .debug_macro   0x0000000000000000       0x8e ./drivers/src/stm32f407xx_i2c_driver.o
 .debug_macro   0x0000000000000000       0x51 ./drivers/src/stm32f407xx_i2c_driver.o
 .debug_macro   0x0000000000000000      0x103 ./drivers/src/stm32f407xx_i2c_driver.o
 .debug_macro   0x0000000000000000       0x6a ./drivers/src/stm32f407xx_i2c_driver.o
 .debug_macro   0x0000000000000000      0x1df ./drivers/src/stm32f407xx_i2c_driver.o
 .debug_macro   0x0000000000000000      0x174 ./drivers/src/stm32f407xx_i2c_driver.o
 .debug_macro   0x0000000000000000      0x5b0 ./drivers/src/stm32f407xx_i2c_driver.o
 .debug_macro   0x0000000000000000       0xc4 ./drivers/src/stm32f407xx_i2c_driver.o
 .debug_macro   0x0000000000000000       0xc4 ./drivers/src/stm32f407xx_i2c_driver.o
 .group         0x0000000000000000        0xc ./drivers/src/stm32f407xx_spi_driver.o
 .group         0x0000000000000000        0xc ./drivers/src/stm32f407xx_spi_driver.o
 .group         0x0000000000000000        0xc ./drivers/src/stm32f407xx_spi_driver.o
 .group         0x0000000000000000        0xc ./drivers/src/stm32f407xx_spi_driver.o
 .group         0x0000000000000000        0xc ./drivers/src/stm32f407xx_spi_driver.o
 .group         0x0000000000000000        0xc ./drivers/src/stm32f407xx_spi_driver.o
 .group         0x0000000000000000        0xc ./drivers/src/stm32f407xx_spi_driver.o
 .group         0x0000000000000000        0xc ./drivers/src/stm32f407xx_spi_driver.o
 .group         0x0000000000000000        0xc ./drivers/src/stm32f407xx_spi_driver.o
 .group         0x0000000000000000        0xc ./drivers/src/stm32f407xx_spi_driver.o
 .group         0x0000000000000000        0xc ./drivers/src/stm32f407xx_spi_driver.o
 .group         0x0000000000000000        0xc ./drivers/src/stm32f407xx_spi_driver.o
 .text          0x0000000000000000        0x0 ./drivers/src/stm32f407xx_spi_driver.o
 .data          0x0000000000000000        0x0 ./drivers/src/stm32f407xx_spi_driver.o
 .bss           0x0000000000000000        0x0 ./drivers/src/stm32f407xx_spi_driver.o
 .text.SPI_PeriClockControl
                0x0000000000000000       0x6c ./drivers/src/stm32f407xx_spi_driver.o
 .text.SPI_Init
                0x0000000000000000       0xb6 ./drivers/src/stm32f407xx_spi_driver.o
 .text.SPI_DeInit
                0x0000000000000000       0x12 ./drivers/src/stm32f407xx_spi_driver.o
 .text.SPI_GetFlagStatus
                0x0000000000000000       0x26 ./drivers/src/stm32f407xx_spi_driver.o
 .text.SPI_SendData
                0x0000000000000000       0x6e ./drivers/src/stm32f407xx_spi_driver.o
 .text.SPI_ReceiveData
                0x0000000000000000       0x6e ./drivers/src/stm32f407xx_spi_driver.o
 .text.SPI_PeripheralControl
                0x0000000000000000       0x36 ./drivers/src/stm32f407xx_spi_driver.o
 .text.SPI_SSIConfig
                0x0000000000000000       0x36 ./drivers/src/stm32f407xx_spi_driver.o
 .text.SPI_SSOEConfig
                0x0000000000000000       0x36 ./drivers/src/stm32f407xx_spi_driver.o
 .text.SPI_IRQInterruptConfig
                0x0000000000000000      0x108 ./drivers/src/stm32f407xx_spi_driver.o
 .text.SPI_IRQPriorityConfig
                0x0000000000000000       0x52 ./drivers/src/stm32f407xx_spi_driver.o
 .text.SPI_SendDataIT
                0x0000000000000000       0x46 ./drivers/src/stm32f407xx_spi_driver.o
 .text.SPI_ReceiveDataIT
                0x0000000000000000       0x46 ./drivers/src/stm32f407xx_spi_driver.o
 .text.SPI_IRQHandling
                0x0000000000000000       0x9a ./drivers/src/stm32f407xx_spi_driver.o
 .text.spi_txe_interrupt_handle
                0x0000000000000000       0x80 ./drivers/src/stm32f407xx_spi_driver.o
 .text.spi_rxne_interrupt_handle
                0x0000000000000000       0x84 ./drivers/src/stm32f407xx_spi_driver.o
 .text.spi_ovr_err_interrupt_handle
                0x0000000000000000       0x30 ./drivers/src/stm32f407xx_spi_driver.o
 .text.SPI_CloseTransmisson
                0x0000000000000000       0x34 ./drivers/src/stm32f407xx_spi_driver.o
 .text.SPI_CloseReception
                0x0000000000000000       0x34 ./drivers/src/stm32f407xx_spi_driver.o
 .text.SPI_ClearOVRFlag
                0x0000000000000000       0x1e ./drivers/src/stm32f407xx_spi_driver.o
 .text.SPI_ApplicationEventCallback
                0x0000000000000000       0x16 ./drivers/src/stm32f407xx_spi_driver.o
 .debug_info    0x0000000000000000      0x907 ./drivers/src/stm32f407xx_spi_driver.o
 .debug_abbrev  0x0000000000000000      0x1d5 ./drivers/src/stm32f407xx_spi_driver.o
 .debug_aranges
                0x0000000000000000       0xc0 ./drivers/src/stm32f407xx_spi_driver.o
 .debug_ranges  0x0000000000000000       0xb0 ./drivers/src/stm32f407xx_spi_driver.o
 .debug_macro   0x0000000000000000       0xad ./drivers/src/stm32f407xx_spi_driver.o
 .debug_macro   0x0000000000000000      0xa78 ./drivers/src/stm32f407xx_spi_driver.o
 .debug_macro   0x0000000000000000       0x22 ./drivers/src/stm32f407xx_spi_driver.o
 .debug_macro   0x0000000000000000       0x8e ./drivers/src/stm32f407xx_spi_driver.o
 .debug_macro   0x0000000000000000       0x51 ./drivers/src/stm32f407xx_spi_driver.o
 .debug_macro   0x0000000000000000      0x103 ./drivers/src/stm32f407xx_spi_driver.o
 .debug_macro   0x0000000000000000       0x6a ./drivers/src/stm32f407xx_spi_driver.o
 .debug_macro   0x0000000000000000      0x1df ./drivers/src/stm32f407xx_spi_driver.o
 .debug_macro   0x0000000000000000      0x174 ./drivers/src/stm32f407xx_spi_driver.o
 .debug_macro   0x0000000000000000      0x5b0 ./drivers/src/stm32f407xx_spi_driver.o
 .debug_macro   0x0000000000000000       0xc4 ./drivers/src/stm32f407xx_spi_driver.o
 .debug_macro   0x0000000000000000       0x7c ./drivers/src/stm32f407xx_spi_driver.o
 .debug_macro   0x0000000000000000       0xbe ./drivers/src/stm32f407xx_spi_driver.o
 .debug_line    0x0000000000000000      0x942 ./drivers/src/stm32f407xx_spi_driver.o
 .debug_str     0x0000000000000000     0x648c ./drivers/src/stm32f407xx_spi_driver.o
 .comment       0x0000000000000000       0x51 ./drivers/src/stm32f407xx_spi_driver.o
 .debug_frame   0x0000000000000000      0x33c ./drivers/src/stm32f407xx_spi_driver.o
 .ARM.attributes
                0x0000000000000000       0x2e ./drivers/src/stm32f407xx_spi_driver.o
 .text          0x0000000000000000        0x0 c:/st/stm32cubeide_1.10.1/stm32cubeide/plugins/com.st.stm32cube.ide.mcu.externaltools.gnu-tools-for-stm32.10.3-2021.10.win32_1.0.100.202210260954/tools/bin/../lib/gcc/arm-none-eabi/10.3.1/../../../../arm-none-eabi/lib/thumb/v7e-m/nofp\libc_nano.a(lib_a-exit.o)
 .data          0x0000000000000000        0x0 c:/st/stm32cubeide_1.10.1/stm32cubeide/plugins/com.st.stm32cube.ide.mcu.externaltools.gnu-tools-for-stm32.10.3-2021.10.win32_1.0.100.202210260954/tools/bin/../lib/gcc/arm-none-eabi/10.3.1/../../../../arm-none-eabi/lib/thumb/v7e-m/nofp\libc_nano.a(lib_a-exit.o)
 .bss           0x0000000000000000        0x0 c:/st/stm32cubeide_1.10.1/stm32cubeide/plugins/com.st.stm32cube.ide.mcu.externaltools.gnu-tools-for-stm32.10.3-2021.10.win32_1.0.100.202210260954/tools/bin/../lib/gcc/arm-none-eabi/10.3.1/../../../../arm-none-eabi/lib/thumb/v7e-m/nofp\libc_nano.a(lib_a-exit.o)
 .text.exit     0x0000000000000000       0x28 c:/st/stm32cubeide_1.10.1/stm32cubeide/plugins/com.st.stm32cube.ide.mcu.externaltools.gnu-tools-for-stm32.10.3-2021.10.win32_1.0.100.202210260954/tools/bin/../lib/gcc/arm-none-eabi/10.3.1/../../../../arm-none-eabi/lib/thumb/v7e-m/nofp\libc_nano.a(lib_a-exit.o)
 .debug_frame   0x0000000000000000       0x28 c:/st/stm32cubeide_1.10.1/stm32cubeide/plugins/com.st.stm32cube.ide.mcu.externaltools.gnu-tools-for-stm32.10.3-2021.10.win32_1.0.100.202210260954/tools/bin/../lib/gcc/arm-none-eabi/10.3.1/../../../../arm-none-eabi/lib/thumb/v7e-m/nofp\libc_nano.a(lib_a-exit.o)
 .ARM.attributes
                0x0000000000000000       0x2e c:/st/stm32cubeide_1.10.1/stm32cubeide/plugins/com.st.stm32cube.ide.mcu.externaltools.gnu-tools-for-stm32.10.3-2021.10.win32_1.0.100.202210260954/tools/bin/../lib/gcc/arm-none-eabi/10.3.1/../../../../arm-none-eabi/lib/thumb/v7e-m/nofp\libc_nano.a(lib_a-exit.o)
 .text          0x0000000000000000        0x0 c:/st/stm32cubeide_1.10.1/stm32cubeide/plugins/com.st.stm32cube.ide.mcu.externaltools.gnu-tools-for-stm32.10.3-2021.10.win32_1.0.100.202210260954/tools/bin/../lib/gcc/arm-none-eabi/10.3.1/../../../../arm-none-eabi/lib/thumb/v7e-m/nofp\libc_nano.a(lib_a-impure.o)
 .data          0x0000000000000000        0x0 c:/st/stm32cubeide_1.10.1/stm32cubeide/plugins/com.st.stm32cube.ide.mcu.externaltools.gnu-tools-for-stm32.10.3-2021.10.win32_1.0.100.202210260954/tools/bin/../lib/gcc/arm-none-eabi/10.3.1/../../../../arm-none-eabi/lib/thumb/v7e-m/nofp\libc_nano.a(lib_a-impure.o)
 .bss           0x0000000000000000        0x0 c:/st/stm32cubeide_1.10.1/stm32cubeide/plugins/com.st.stm32cube.ide.mcu.externaltools.gnu-tools-for-stm32.10.3-2021.10.win32_1.0.100.202210260954/tools/bin/../lib/gcc/arm-none-eabi/10.3.1/../../../../arm-none-eabi/lib/thumb/v7e-m/nofp\libc_nano.a(lib_a-impure.o)
 .data._impure_ptr
                0x0000000000000000        0x4 c:/st/stm32cubeide_1.10.1/stm32cubeide/plugins/com.st.stm32cube.ide.mcu.externaltools.gnu-tools-for-stm32.10.3-2021.10.win32_1.0.100.202210260954/tools/bin/../lib/gcc/arm-none-eabi/10.3.1/../../../../arm-none-eabi/lib/thumb/v7e-m/nofp\libc_nano.a(lib_a-impure.o)
 .data.impure_data
                0x0000000000000000       0x60 c:/st/stm32cubeide_1.10.1/stm32cubeide/plugins/com.st.stm32cube.ide.mcu.externaltools.gnu-tools-for-stm32.10.3-2021.10.win32_1.0.100.202210260954/tools/bin/../lib/gcc/arm-none-eabi/10.3.1/../../../../arm-none-eabi/lib/thumb/v7e-m/nofp\libc_nano.a(lib_a-impure.o)
 .rodata._global_impure_ptr
                0x0000000000000000        0x4 c:/st/stm32cubeide_1.10.1/stm32cubeide/plugins/com.st.stm32cube.ide.mcu.externaltools.gnu-tools-for-stm32.10.3-2021.10.win32_1.0.100.202210260954/tools/bin/../lib/gcc/arm-none-eabi/10.3.1/../../../../arm-none-eabi/lib/thumb/v7e-m/nofp\libc_nano.a(lib_a-impure.o)
 .ARM.attributes
                0x0000000000000000       0x2e c:/st/stm32cubeide_1.10.1/stm32cubeide/plugins/com.st.stm32cube.ide.mcu.externaltools.gnu-tools-for-stm32.10.3-2021.10.win32_1.0.100.202210260954/tools/bin/../lib/gcc/arm-none-eabi/10.3.1/../../../../arm-none-eabi/lib/thumb/v7e-m/nofp\libc_nano.a(lib_a-impure.o)
 .text          0x0000000000000000        0x0 c:/st/stm32cubeide_1.10.1/stm32cubeide/plugins/com.st.stm32cube.ide.mcu.externaltools.gnu-tools-for-stm32.10.3-2021.10.win32_1.0.100.202210260954/tools/bin/../lib/gcc/arm-none-eabi/10.3.1/../../../../arm-none-eabi/lib/thumb/v7e-m/nofp\libc_nano.a(lib_a-init.o)
 .data          0x0000000000000000        0x0 c:/st/stm32cubeide_1.10.1/stm32cubeide/plugins/com.st.stm32cube.ide.mcu.externaltools.gnu-tools-for-stm32.10.3-2021.10.win32_1.0.100.202210260954/tools/bin/../lib/gcc/arm-none-eabi/10.3.1/../../../../arm-none-eabi/lib/thumb/v7e-m/nofp\libc_nano.a(lib_a-init.o)
 .bss           0x0000000000000000        0x0 c:/st/stm32cubeide_1.10.1/stm32cubeide/plugins/com.st.stm32cube.ide.mcu.externaltools.gnu-tools-for-stm32.10.3-2021.10.win32_1.0.100.202210260954/tools/bin/../lib/gcc/arm-none-eabi/10.3.1/../../../../arm-none-eabi/lib/thumb/v7e-m/nofp\libc_nano.a(lib_a-init.o)
 .text          0x0000000000000000        0x0 c:/st/stm32cubeide_1.10.1/stm32cubeide/plugins/com.st.stm32cube.ide.mcu.externaltools.gnu-tools-for-stm32.10.3-2021.10.win32_1.0.100.202210260954/tools/bin/../lib/gcc/arm-none-eabi/10.3.1/../../../../arm-none-eabi/lib/thumb/v7e-m/nofp\libc_nano.a(lib_a-memset.o)
 .data          0x0000000000000000        0x0 c:/st/stm32cubeide_1.10.1/stm32cubeide/plugins/com.st.stm32cube.ide.mcu.externaltools.gnu-tools-for-stm32.10.3-2021.10.win32_1.0.100.202210260954/tools/bin/../lib/gcc/arm-none-eabi/10.3.1/../../../../arm-none-eabi/lib/thumb/v7e-m/nofp\libc_nano.a(lib_a-memset.o)
 .bss           0x0000000000000000        0x0 c:/st/stm32cubeide_1.10.1/stm32cubeide/plugins/com.st.stm32cube.ide.mcu.externaltools.gnu-tools-for-stm32.10.3-2021.10.win32_1.0.100.202210260954/tools/bin/../lib/gcc/arm-none-eabi/10.3.1/../../../../arm-none-eabi/lib/thumb/v7e-m/nofp\libc_nano.a(lib_a-memset.o)
 .text.memset   0x0000000000000000       0x10 c:/st/stm32cubeide_1.10.1/stm32cubeide/plugins/com.st.stm32cube.ide.mcu.externaltools.gnu-tools-for-stm32.10.3-2021.10.win32_1.0.100.202210260954/tools/bin/../lib/gcc/arm-none-eabi/10.3.1/../../../../arm-none-eabi/lib/thumb/v7e-m/nofp\libc_nano.a(lib_a-memset.o)
 .debug_frame   0x0000000000000000       0x20 c:/st/stm32cubeide_1.10.1/stm32cubeide/plugins/com.st.stm32cube.ide.mcu.externaltools.gnu-tools-for-stm32.10.3-2021.10.win32_1.0.100.202210260954/tools/bin/../lib/gcc/arm-none-eabi/10.3.1/../../../../arm-none-eabi/lib/thumb/v7e-m/nofp\libc_nano.a(lib_a-memset.o)
 .ARM.attributes
                0x0000000000000000       0x2e c:/st/stm32cubeide_1.10.1/stm32cubeide/plugins/com.st.stm32cube.ide.mcu.externaltools.gnu-tools-for-stm32.10.3-2021.10.win32_1.0.100.202210260954/tools/bin/../lib/gcc/arm-none-eabi/10.3.1/../../../../arm-none-eabi/lib/thumb/v7e-m/nofp\libc_nano.a(lib_a-memset.o)
 .text          0x0000000000000000        0x0 c:/st/stm32cubeide_1.10.1/stm32cubeide/plugins/com.st.stm32cube.ide.mcu.externaltools.gnu-tools-for-stm32.10.3-2021.10.win32_1.0.100.202210260954/tools/bin/../lib/gcc/arm-none-eabi/10.3.1/../../../../arm-none-eabi/lib/thumb/v7e-m/nofp\libnosys.a(_exit.o)
 .data          0x0000000000000000        0x0 c:/st/stm32cubeide_1.10.1/stm32cubeide/plugins/com.st.stm32cube.ide.mcu.externaltools.gnu-tools-for-stm32.10.3-2021.10.win32_1.0.100.202210260954/tools/bin/../lib/gcc/arm-none-eabi/10.3.1/../../../../arm-none-eabi/lib/thumb/v7e-m/nofp\libnosys.a(_exit.o)
 .bss           0x0000000000000000        0x0 c:/st/stm32cubeide_1.10.1/stm32cubeide/plugins/com.st.stm32cube.ide.mcu.externaltools.gnu-tools-for-stm32.10.3-2021.10.win32_1.0.100.202210260954/tools/bin/../lib/gcc/arm-none-eabi/10.3.1/../../../../arm-none-eabi/lib/thumb/v7e-m/nofp\libnosys.a(_exit.o)
 .text._exit    0x0000000000000000        0x2 c:/st/stm32cubeide_1.10.1/stm32cubeide/plugins/com.st.stm32cube.ide.mcu.externaltools.gnu-tools-for-stm32.10.3-2021.10.win32_1.0.100.202210260954/tools/bin/../lib/gcc/arm-none-eabi/10.3.1/../../../../arm-none-eabi/lib/thumb/v7e-m/nofp\libnosys.a(_exit.o)
 .debug_frame   0x0000000000000000       0x20 c:/st/stm32cubeide_1.10.1/stm32cubeide/plugins/com.st.stm32cube.ide.mcu.externaltools.gnu-tools-for-stm32.10.3-2021.10.win32_1.0.100.202210260954/tools/bin/../lib/gcc/arm-none-eabi/10.3.1/../../../../arm-none-eabi/lib/thumb/v7e-m/nofp\libnosys.a(_exit.o)
 .ARM.attributes
                0x0000000000000000       0x2e c:/st/stm32cubeide_1.10.1/stm32cubeide/plugins/com.st.stm32cube.ide.mcu.externaltools.gnu-tools-for-stm32.10.3-2021.10.win32_1.0.100.202210260954/tools/bin/../lib/gcc/arm-none-eabi/10.3.1/../../../../arm-none-eabi/lib/thumb/v7e-m/nofp\libnosys.a(_exit.o)
 .text          0x0000000000000000        0x0 c:/st/stm32cubeide_1.10.1/stm32cubeide/plugins/com.st.stm32cube.ide.mcu.externaltools.gnu-tools-for-stm32.10.3-2021.10.win32_1.0.100.202210260954/tools/bin/../lib/gcc/arm-none-eabi/10.3.1/thumb/v7e-m/nofp/crtend.o
 .data          0x0000000000000000        0x0 c:/st/stm32cubeide_1.10.1/stm32cubeide/plugins/com.st.stm32cube.ide.mcu.externaltools.gnu-tools-for-stm32.10.3-2021.10.win32_1.0.100.202210260954/tools/bin/../lib/gcc/arm-none-eabi/10.3.1/thumb/v7e-m/nofp/crtend.o
 .bss           0x0000000000000000        0x0 c:/st/stm32cubeide_1.10.1/stm32cubeide/plugins/com.st.stm32cube.ide.mcu.externaltools.gnu-tools-for-stm32.10.3-2021.10.win32_1.0.100.202210260954/tools/bin/../lib/gcc/arm-none-eabi/10.3.1/thumb/v7e-m/nofp/crtend.o
 .rodata        0x0000000000000000       0x24 c:/st/stm32cubeide_1.10.1/stm32cubeide/plugins/com.st.stm32cube.ide.mcu.externaltools.gnu-tools-for-stm32.10.3-2021.10.win32_1.0.100.202210260954/tools/bin/../lib/gcc/arm-none-eabi/10.3.1/thumb/v7e-m/nofp/crtend.o
 .eh_frame      0x0000000000000000        0x4 c:/st/stm32cubeide_1.10.1/stm32cubeide/plugins/com.st.stm32cube.ide.mcu.externaltools.gnu-tools-for-stm32.10.3-2021.10.win32_1.0.100.202210260954/tools/bin/../lib/gcc/arm-none-eabi/10.3.1/thumb/v7e-m/nofp/crtend.o
 .ARM.attributes
                0x0000000000000000       0x2e c:/st/stm32cubeide_1.10.1/stm32cubeide/plugins/com.st.stm32cube.ide.mcu.externaltools.gnu-tools-for-stm32.10.3-2021.10.win32_1.0.100.202210260954/tools/bin/../lib/gcc/arm-none-eabi/10.3.1/thumb/v7e-m/nofp/crtend.o
 .text          0x0000000000000000        0x0 c:/st/stm32cubeide_1.10.1/stm32cubeide/plugins/com.st.stm32cube.ide.mcu.externaltools.gnu-tools-for-stm32.10.3-2021.10.win32_1.0.100.202210260954/tools/bin/../lib/gcc/arm-none-eabi/10.3.1/thumb/v7e-m/nofp/crtn.o
 .data          0x0000000000000000        0x0 c:/st/stm32cubeide_1.10.1/stm32cubeide/plugins/com.st.stm32cube.ide.mcu.externaltools.gnu-tools-for-stm32.10.3-2021.10.win32_1.0.100.202210260954/tools/bin/../lib/gcc/arm-none-eabi/10.3.1/thumb/v7e-m/nofp/crtn.o
 .bss           0x0000000000000000        0x0 c:/st/stm32cubeide_1.10.1/stm32cubeide/plugins/com.st.stm32cube.ide.mcu.externaltools.gnu-tools-for-stm32.10.3-2021.10.win32_1.0.100.202210260954/tools/bin/../lib/gcc/arm-none-eabi/10.3.1/thumb/v7e-m/nofp/crtn.o

Memory Configuration

Name             Origin             Length             Attributes
CCMRAM           0x0000000010000000 0x0000000000010000 xrw
RAM              0x0000000020000000 0x0000000000020000 xrw
FLASH            0x0000000008000000 0x0000000000100000 xr
*default*        0x0000000000000000 0xffffffffffffffff

Linker script and memory map

LOAD c:/st/stm32cubeide_1.10.1/stm32cubeide/plugins/com.st.stm32cube.ide.mcu.externaltools.gnu-tools-for-stm32.10.3-2021.10.win32_1.0.100.202210260954/tools/bin/../lib/gcc/arm-none-eabi/10.3.1/thumb/v7e-m/nofp/crti.o
LOAD c:/st/stm32cubeide_1.10.1/stm32cubeide/plugins/com.st.stm32cube.ide.mcu.externaltools.gnu-tools-for-stm32.10.3-2021.10.win32_1.0.100.202210260954/tools/bin/../lib/gcc/arm-none-eabi/10.3.1/thumb/v7e-m/nofp/crtbegin.o
LOAD c:/st/stm32cubeide_1.10.1/stm32cubeide/plugins/com.st.stm32cube.ide.mcu.externaltools.gnu-tools-for-stm32.10.3-2021.10.win32_1.0.100.202210260954/tools/bin/../lib/gcc/arm-none-eabi/10.3.1/../../../../arm-none-eabi/lib/thumb/v7e-m/nofp/crt0.o
LOAD ./Src/011i2c_master_rx_testing.o
LOAD ./Startup/startup_stm32f407vgtx.o
LOAD ./drivers/src/stm32f407xx_gpio_driver.o
LOAD ./drivers/src/stm32f407xx_i2c_driver.o
LOAD ./drivers/src/stm32f407xx_spi_driver.o
START GROUP
LOAD c:/st/stm32cubeide_1.10.1/stm32cubeide/plugins/com.st.stm32cube.ide.mcu.externaltools.gnu-tools-for-stm32.10.3-2021.10.win32_1.0.100.202210260954/tools/bin/../lib/gcc/arm-none-eabi/10.3.1/../../../../arm-none-eabi/lib/thumb/v7e-m/nofp\libc_nano.a
LOAD c:/st/stm32cubeide_1.10.1/stm32cubeide/plugins/com.st.stm32cube.ide.mcu.externaltools.gnu-tools-for-stm32.10.3-2021.10.win32_1.0.100.202210260954/tools/bin/../lib/gcc/arm-none-eabi/10.3.1/../../../../arm-none-eabi/lib/thumb/v7e-m/nofp\libm.a
END GROUP
START GROUP
LOAD c:/st/stm32cubeide_1.10.1/stm32cubeide/plugins/com.st.stm32cube.ide.mcu.externaltools.gnu-tools-for-stm32.10.3-2021.10.win32_1.0.100.202210260954/tools/bin/../lib/gcc/arm-none-eabi/10.3.1/thumb/v7e-m/nofp\libgcc.a
LOAD c:/st/stm32cubeide_1.10.1/stm32cubeide/plugins/com.st.stm32cube.ide.mcu.externaltools.gnu-tools-for-stm32.10.3-2021.10.win32_1.0.100.202210260954/tools/bin/../lib/gcc/arm-none-eabi/10.3.1/../../../../arm-none-eabi/lib/thumb/v7e-m/nofp\libc_nano.a
END GROUP
START GROUP
LOAD c:/st/stm32cubeide_1.10.1/stm32cubeide/plugins/com.st.stm32cube.ide.mcu.externaltools.gnu-tools-for-stm32.10.3-2021.10.win32_1.0.100.202210260954/tools/bin/../lib/gcc/arm-none-eabi/10.3.1/thumb/v7e-m/nofp\libgcc.a
LOAD c:/st/stm32cubeide_1.10.1/stm32cubeide/plugins/com.st.stm32cube.ide.mcu.externaltools.gnu-tools-for-stm32.10.3-2021.10.win32_1.0.100.202210260954/tools/bin/../lib/gcc/arm-none-eabi/10.3.1/../../../../arm-none-eabi/lib/thumb/v7e-m/nofp\libc_nano.a
LOAD c:/st/stm32cubeide_1.10.1/stm32cubeide/plugins/com.st.stm32cube.ide.mcu.externaltools.gnu-tools-for-stm32.10.3-2021.10.win32_1.0.100.202210260954/tools/bin/../lib/gcc/arm-none-eabi/10.3.1/../../../../arm-none-eabi/lib/thumb/v7e-m/nofp\libnosys.a
END GROUP
START GROUP
LOAD c:/st/stm32cubeide_1.10.1/stm32cubeide/plugins/com.st.stm32cube.ide.mcu.externaltools.gnu-tools-for-stm32.10.3-2021.10.win32_1.0.100.202210260954/tools/bin/../lib/gcc/arm-none-eabi/10.3.1/thumb/v7e-m/nofp\libgcc.a
LOAD c:/st/stm32cubeide_1.10.1/stm32cubeide/plugins/com.st.stm32cube.ide.mcu.externaltools.gnu-tools-for-stm32.10.3-2021.10.win32_1.0.100.202210260954/tools/bin/../lib/gcc/arm-none-eabi/10.3.1/../../../../arm-none-eabi/lib/thumb/v7e-m/nofp\libc_nano.a
LOAD c:/st/stm32cubeide_1.10.1/stm32cubeide/plugins/com.st.stm32cube.ide.mcu.externaltools.gnu-tools-for-stm32.10.3-2021.10.win32_1.0.100.202210260954/tools/bin/../lib/gcc/arm-none-eabi/10.3.1/../../../../arm-none-eabi/lib/thumb/v7e-m/nofp\libnosys.a
END GROUP
LOAD c:/st/stm32cubeide_1.10.1/stm32cubeide/plugins/com.st.stm32cube.ide.mcu.externaltools.gnu-tools-for-stm32.10.3-2021.10.win32_1.0.100.202210260954/tools/bin/../lib/gcc/arm-none-eabi/10.3.1/thumb/v7e-m/nofp/crtend.o
LOAD c:/st/stm32cubeide_1.10.1/stm32cubeide/plugins/com.st.stm32cube.ide.mcu.externaltools.gnu-tools-for-stm32.10.3-2021.10.win32_1.0.100.202210260954/tools/bin/../lib/gcc/arm-none-eabi/10.3.1/thumb/v7e-m/nofp/crtn.o
                0x0000000020020000                _estack = (ORIGIN (RAM) + LENGTH (RAM))
                0x0000000000000200                _Min_Heap_Size = 0x200
                0x0000000000000400                _Min_Stack_Size = 0x400

.isr_vector     0x0000000008000000      0x1a8
                0x0000000008000000                . = ALIGN (0x4)
 *(.isr_vector)
 .isr_vector    0x0000000008000000      0x1a8 ./Startup/startup_stm32f407vgtx.o
                0x0000000008000000                g_pfnVectors
                0x00000000080001a8                . = ALIGN (0x4)

.text           0x00000000080001a8      0xd68
                0x00000000080001a8                . = ALIGN (0x4)
 *(.text)
 .text          0x00000000080001a8       0x40 c:/st/stm32cubeide_1.10.1/stm32cubeide/plugins/com.st.stm32cube.ide.mcu.externaltools.gnu-tools-for-stm32.10.3-2021.10.win32_1.0.100.202210260954/tools/bin/../lib/gcc/arm-none-eabi/10.3.1/thumb/v7e-m/nofp/crtbegin.o
 *(.text*)
 .text.delay    0x00000000080001e8       0x2c ./Src/011i2c_master_rx_testing.o
                0x00000000080001e8                delay
 .text.I2C1_GPIOInits
                0x0000000008000214       0x44 ./Src/011i2c_master_rx_testing.o
                0x0000000008000214                I2C1_GPIOInits
 .text.I2C1_Inits
                0x0000000008000258       0x38 ./Src/011i2c_master_rx_testing.o
                0x0000000008000258                I2C1_Inits
 .text.GPIO_ButtonInit
                0x0000000008000290       0x5c ./Src/011i2c_master_rx_testing.o
                0x0000000008000290                GPIO_ButtonInit
 .text.main     0x00000000080002ec       0x78 ./Src/011i2c_master_rx_testing.o
                0x00000000080002ec                main
 .text.Reset_Handler
                0x0000000008000364       0x50 ./Startup/startup_stm32f407vgtx.o
                0x0000000008000364                Reset_Handler
 .text.Default_Handler
                0x00000000080003b4        0x2 ./Startup/startup_stm32f407vgtx.o
                0x00000000080003b4                RTC_Alarm_IRQHandler
                0x00000000080003b4                HASH_RNG_IRQHandler
                0x00000000080003b4                EXTI2_IRQHandler
                0x00000000080003b4                TIM8_CC_IRQHandler
                0x00000000080003b4                DebugMon_Handler
                0x00000000080003b4                TIM1_CC_IRQHandler
                0x00000000080003b4                DMA2_Stream5_IRQHandler
                0x00000000080003b4                HardFault_Handler
                0x00000000080003b4                DMA1_Stream5_IRQHandler
                0x00000000080003b4                SysTick_Handler
                0x00000000080003b4                PVD_IRQHandler
                0x00000000080003b4                SDIO_IRQHandler
                0x00000000080003b4                TAMP_STAMP_IRQHandler
                0x00000000080003b4                PendSV_Handler
                0x00000000080003b4                NMI_Handler
                0x00000000080003b4                CAN2_RX1_IRQHandler
                0x00000000080003b4                EXTI3_IRQHandler
                0x00000000080003b4                TIM8_TRG_COM_TIM14_IRQHandler
                0x00000000080003b4                TIM1_UP_TIM10_IRQHandler
                0x00000000080003b4                TIM8_UP_TIM13_IRQHandler
                0x00000000080003b4                I2C3_ER_IRQHandler
                0x00000000080003b4                LCD_TFT_IRQHandler
                0x00000000080003b4                EXTI0_IRQHandler
                0x00000000080003b4                I2C2_EV_IRQHandler
                0x00000000080003b4                DMA1_Stream2_IRQHandler
                0x00000000080003b4                CAN1_RX0_IRQHandler
                0x00000000080003b4                FPU_IRQHandler
                0x00000000080003b4                OTG_HS_WKUP_IRQHandler
                0x00000000080003b4                UsageFault_Handler
                0x00000000080003b4                CAN2_SCE_IRQHandler
                0x00000000080003b4                DMA2_Stream2_IRQHandler
                0x00000000080003b4                SPI1_IRQHandler
                0x00000000080003b4                TIM6_DAC_IRQHandler
                0x00000000080003b4                TIM1_BRK_TIM9_IRQHandler
                0x00000000080003b4                DCMI_IRQHandler
                0x00000000080003b4                CAN2_RX0_IRQHandler
                0x00000000080003b4                DMA2_Stream3_IRQHandler
                0x00000000080003b4                USART6_IRQHandler
                0x00000000080003b4                USART3_IRQHandler
                0x00000000080003b4                CRYP_IRQHandler
                0x00000000080003b4                CAN1_RX1_IRQHandler
                0x00000000080003b4                UART5_IRQHandler
                0x00000000080003b4                DMA2_Stream0_IRQHandler
                0x00000000080003b4                TIM4_IRQHandler
                0x00000000080003b4                I2C1_EV_IRQHandler
                0x00000000080003b4                DMA1_Stream6_IRQHandler
                0x00000000080003b4                DMA1_Stream1_IRQHandler
                0x00000000080003b4                UART4_IRQHandler
                0x00000000080003b4                LCD_TFT_1_IRQHandler
                0x00000000080003b4                TIM3_IRQHandler
                0x00000000080003b4                RCC_IRQHandler
                0x00000000080003b4                TIM8_BRK_TIM12_IRQHandler
                0x00000000080003b4                Default_Handler
                0x00000000080003b4                EXTI15_10_IRQHandler
                0x00000000080003b4                ADC_IRQHandler
                0x00000000080003b4                DMA1_Stream7_IRQHandler
                0x00000000080003b4                TIM7_IRQHandler
                0x00000000080003b4                CAN2_TX_IRQHandler
                0x00000000080003b4                TIM5_IRQHandler
                0x00000000080003b4                DMA2_Stream7_IRQHandler
                0x00000000080003b4                I2C3_EV_IRQHandler
                0x00000000080003b4                EXTI9_5_IRQHandler
                0x00000000080003b4                RTC_WKUP_IRQHandler
                0x00000000080003b4                ETH_WKUP_IRQHandler
                0x00000000080003b4                SPI2_IRQHandler
                0x00000000080003b4                OTG_HS_EP1_IN_IRQHandler
                0x00000000080003b4                MemManage_Handler
                0x00000000080003b4                DMA1_Stream0_IRQHandler
                0x00000000080003b4                CAN1_TX_IRQHandler
                0x00000000080003b4                SVC_Handler
                0x00000000080003b4                EXTI4_IRQHandler
                0x00000000080003b4                FSMC_IRQHandler
                0x00000000080003b4                ETH_IRQHandler
                0x00000000080003b4                OTG_HS_EP1_OUT_IRQHandler
                0x00000000080003b4                WWDG_IRQHandler
                0x00000000080003b4                TIM2_IRQHandler
                0x00000000080003b4                OTG_FS_WKUP_IRQHandler
                0x00000000080003b4                TIM1_TRG_COM_TIM11_IRQHandler
                0x00000000080003b4                OTG_HS_IRQHandler
                0x00000000080003b4                EXTI1_IRQHandler
                0x00000000080003b4                USART2_IRQHandler
                0x00000000080003b4                I2C2_ER_IRQHandler
                0x00000000080003b4                DMA2_Stream1_IRQHandler
                0x00000000080003b4                CAN1_SCE_IRQHandler
                0x00000000080003b4                DMA2_Stream4_IRQHandler
                0x00000000080003b4                BusFault_Handler
                0x00000000080003b4                USART1_IRQHandler
                0x00000000080003b4                OTG_FS_IRQHandler
                0x00000000080003b4                SPI3_IRQHandler
                0x00000000080003b4                DMA1_Stream4_IRQHandler
                0x00000000080003b4                I2C1_ER_IRQHandler
                0x00000000080003b4                DMA2_Stream6_IRQHandler
                0x00000000080003b4                DMA1_Stream3_IRQHandler
 *fill*         0x00000000080003b6        0x2 
 .text.GPIO_PeriClockControl
                0x00000000080003b8      0x1d0 ./drivers/src/stm32f407xx_gpio_driver.o
                0x00000000080003b8                GPIO_PeriClockControl
 .text.GPIO_Init
                0x0000000008000588      0x344 ./drivers/src/stm32f407xx_gpio_driver.o
                0x0000000008000588                GPIO_Init
 .text.GPIO_ReadFromInputPin
                0x00000000080008cc       0x2a ./drivers/src/stm32f407xx_gpio_driver.o
                0x00000000080008cc                GPIO_ReadFromInputPin
 .text.I2C_GenerateStartCondition
                0x00000000080008f6       0x1e ./drivers/src/stm32f407xx_i2c_driver.o
 .text.I2C_ExecuteAddressPhaseWrite
                0x0000000008000914       0x2a ./drivers/src/stm32f407xx_i2c_driver.o
 .text.I2C_ExecuteAddressPhaseRead
                0x000000000800093e       0x2a ./drivers/src/stm32f407xx_i2c_driver.o
 .text.I2C_ClearADDRFlag
                0x0000000008000968       0x1e ./drivers/src/stm32f407xx_i2c_driver.o
 .text.I2C_GenerateStopCondition
                0x0000000008000986       0x1e ./drivers/src/stm32f407xx_i2c_driver.o
 .text.I2C_PeripheralControl
                0x00000000080009a4       0x36 ./drivers/src/stm32f407xx_i2c_driver.o
                0x00000000080009a4                I2C_PeripheralControl
 *fill*         0x00000000080009da        0x2 
 .text.I2C_PeriClockControl
                0x00000000080009dc       0x6c ./drivers/src/stm32f407xx_i2c_driver.o
                0x00000000080009dc                I2C_PeriClockControl
 .text.RCC_GetPLLOutputClock
                0x0000000008000a48        0xe ./drivers/src/stm32f407xx_i2c_driver.o
                0x0000000008000a48                RCC_GetPLLOutputClock
 *fill*         0x0000000008000a56        0x2 
 .text.RCC_GetPCLK1Value
                0x0000000008000a58       0xb0 ./drivers/src/stm32f407xx_i2c_driver.o
                0x0000000008000a58                RCC_GetPCLK1Value
 .text.I2C_Init
                0x0000000008000b08      0x164 ./drivers/src/stm32f407xx_i2c_driver.o
                0x0000000008000b08                I2C_Init
 .text.I2C_GetFlagStatus
                0x0000000008000c6c       0x26 ./drivers/src/stm32f407xx_i2c_driver.o
                0x0000000008000c6c                I2C_GetFlagStatus
 .text.I2C_MasterSendData
                0x0000000008000c92       0xcc ./drivers/src/stm32f407xx_i2c_driver.o
                0x0000000008000c92                I2C_MasterSendData
 .text.I2C_MasterReceiveData
                0x0000000008000d5e      0x11c ./drivers/src/stm32f407xx_i2c_driver.o
                0x0000000008000d5e                I2C_MasterReceiveData
 .text.I2C_ManageAcking
                0x0000000008000e7a       0x36 ./drivers/src/stm32f407xx_i2c_driver.o
                0x0000000008000e7a                I2C_ManageAcking
 .text.__libc_init_array
                0x0000000008000eb0       0x48 c:/st/stm32cubeide_1.10.1/stm32cubeide/plugins/com.st.stm32cube.ide.mcu.externaltools.gnu-tools-for-stm32.10.3-2021.10.win32_1.0.100.202210260954/tools/bin/../lib/gcc/arm-none-eabi/10.3.1/../../../../arm-none-eabi/lib/thumb/v7e-m/nofp\libc_nano.a(lib_a-init.o)
                0x0000000008000eb0                __libc_init_array
 *(.glue_7)
 .glue_7        0x0000000008000ef8        0x0 linker stubs
 *(.glue_7t)
 .glue_7t       0x0000000008000ef8        0x0 linker stubs
 *(.eh_frame)
 .eh_frame      0x0000000008000ef8        0x0 c:/st/stm32cubeide_1.10.1/stm32cubeide/plugins/com.st.stm32cube.ide.mcu.externaltools.gnu-tools-for-stm32.10.3-2021.10.win32_1.0.100.202210260954/tools/bin/../lib/gcc/arm-none-eabi/10.3.1/thumb/v7e-m/nofp/crtbegin.o
 *(.init)
 .init          0x0000000008000ef8        0x4 c:/st/stm32cubeide_1.10.1/stm32cubeide/plugins/com.st.stm32cube.ide.mcu.externaltools.gnu-tools-for-stm32.10.3-2021.10.win32_1.0.100.202210260954/tools/bin/../lib/gcc/arm-none-eabi/10.3.1/thumb/v7e-m/nofp/crti.o
                0x0000000008000ef8                _init
 .init          0x0000000008000efc        0x8 c:/st/stm32cubeide_1.10.1/stm32cubeide/plugins/com.st.stm32cube.ide.mcu.externaltools.gnu-tools-for-stm32.10.3-2021.10.win32_1.0.100.202210260954/tools/bin/../lib/gcc/arm-none-eabi/10.3.1/thumb/v7e-m/nofp/crtn.o
 *(.fini)
 .fini          0x0000000008000f04        0x4 c:/st/stm32cubeide_1.10.1/stm32cubeide/plugins/com.st.stm32cube.ide.mcu.externaltools.gnu-tools-for-stm32.10.3-2021.10.win32_1.0.100.202210260954/tools/bin/../lib/gcc/arm-none-eabi/10.3.1/thumb/v7e-m/nofp/crti.o
                0x0000000008000f04                _fini
 .fini          0x0000000008000f08        0x8 c:/st/stm32cubeide_1.10.1/stm32cubeide/plugins/com.st.stm32cube.ide.mcu.externaltools.gnu-tools-for-stm32.10.3-2021.10.win32_1.0.100.202210260954/tools/bin/../lib/gcc/arm-none-eabi/10.3.1/thumb/v7e-m/nofp/crtn.o
                0x0000000008000f10                . = ALIGN (0x4)
                0x0000000008000f10                _etext = .

.vfp11_veneer   0x0000000008000f10        0x0
 .vfp11_veneer  0x0000000008000f10        0x0 linker stubs

.v4_bx          0x0000000008000f10        0x0
 .v4_bx         0x0000000008000f10        0x0 linker stubs

.iplt           0x0000000008000f10        0x0
 .iplt          0x0000000008000f10        0x0 c:/st/stm32cubeide_1.10.1/stm32cubeide/plugins/com.st.stm32cube.ide.mcu.externaltools.gnu-tools-for-stm32.10.3-2021.10.win32_1.0.100.202210260954/tools/bin/../lib/gcc/arm-none-eabi/10.3.1/thumb/v7e-m/nofp/crtbegin.o

.rel.dyn        0x0000000008000f10        0x0
 .rel.iplt      0x0000000008000f10        0x0 c:/st/stm32cubeide_1.10.1/stm32cubeide/plugins/com.st.stm32cube.ide.mcu.externaltools.gnu-tools-for-stm32.10.3-2021.10.win32_1.0.100.202210260954/tools/bin/../lib/gcc/arm-none-eabi/10.3.1/thumb/v7e-m/nofp/crtbegin.o

.rodata         0x0000000008000f10        0x0
                0x0000000008000f10                . = ALIGN (0x4)
 *(.rodata)
 *(.rodata*)
                0x0000000008000f10                . = ALIGN (0x4)

.ARM.extab      0x0000000008000f10        0x0
                0x0000000008000f10                . = ALIGN (0x4)
 *(.ARM.extab* .gnu.linkonce.armextab.*)
                0x0000000008000f10                . = ALIGN (0x4)

.ARM            0x0000000008000f10        0x0
                0x0000000008000f10                . = ALIGN (0x4)
                0x0000000008000f10                __exidx_start = .
 *(.ARM.exidx*)
                0x0000000008000f10                __exidx_end = .
                0x0000000008000f10                . = ALIGN (0x4)

.preinit_array  0x0000000008000f10        0x0
                0x0000000008000f10                . = ALIGN (0x4)
                0x0000000008000f10                PROVIDE (__preinit_array_start = .)
 *(.preinit_array*)
                0x0000000008000f10                PROVIDE (__preinit_array_end = .)
                0x0000000008000f10                . = ALIGN (0x4)

.init_array     0x0000000008000f10        0x4
                0x0000000008000f10                . = ALIGN (0x4)
                0x0000000008000f10                PROVIDE (__init_array_start = .)
 *(SORT_BY_NAME(.init_array.*))
 *(.init_array*)
 .init_array    0x0000000008000f10        0x4 c:/st/stm32cubeide_1.10.1/stm32cubeide/plugins/com.st.stm32cube.ide.mcu.externaltools.gnu-tools-for-stm32.10.3-2021.10.win32_1.0.100.202210260954/tools/bin/../lib/gcc/arm-none-eabi/10.3.1/thumb/v7e-m/nofp/crtbegin.o
                0x0000000008000f14                PROVIDE (__init_array_end = .)
                0x0000000008000f14                . = ALIGN (0x4)

.fini_array     0x0000000008000f14        0x4
                0x0000000008000f14                . = ALIGN (0x4)
                [!provide]                        PROVIDE (__fini_array_start = .)
 *(SORT_BY_NAME(.fini_array.*))
 *(.fini_array*)
 .fini_array    0x0000000008000f14        0x4 c:/st/stm32cubeide_1.10.1/stm32cubeide/plugins/com.st.stm32cube.ide.mcu.externaltools.gnu-tools-for-stm32.10.3-2021.10.win32_1.0.100.202210260954/tools/bin/../lib/gcc/arm-none-eabi/10.3.1/thumb/v7e-m/nofp/crtbegin.o
                [!provide]                        PROVIDE (__fini_array_end = .)
                0x0000000008000f18                . = ALIGN (0x4)
                0x0000000008000f18                _sidata = LOADADDR (.data)

.data           0x0000000020000000       0x14 load address 0x0000000008000f18
                0x0000000020000000                . = ALIGN (0x4)
                0x0000000020000000                _sdata = .
 *(.data)
 *(.data*)
 .data.AHB_PreScalar
                0x0000000020000000       0x10 ./drivers/src/stm32f407xx_i2c_driver.o
                0x0000000020000000                AHB_PreScalar
 .data.APB1_PreScalar
                0x0000000020000010        0x4 ./drivers/src/stm32f407xx_i2c_driver.o
                0x0000000020000010                APB1_PreScalar
 *(.RamFunc)
 *(.RamFunc*)
                0x0000000020000014                . = ALIGN (0x4)
                0x0000000020000014                _edata = .
                0x0000000008000f2c                _siccmram = LOADADDR (.ccmram)

.igot.plt       0x0000000020000014        0x0 load address 0x0000000008000f2c
 .igot.plt      0x0000000020000014        0x0 c:/st/stm32cubeide_1.10.1/stm32cubeide/plugins/com.st.stm32cube.ide.mcu.externaltools.gnu-tools-for-stm32.10.3-2021.10.win32_1.0.100.202210260954/tools/bin/../lib/gcc/arm-none-eabi/10.3.1/thumb/v7e-m/nofp/crtbegin.o

.ccmram         0x0000000010000000        0x0 load address 0x0000000008000f2c
                0x0000000010000000                . = ALIGN (0x4)
                0x0000000010000000                _sccmram = .
 *(.ccmram)
 *(.ccmram*)
                0x0000000010000000                . = ALIGN (0x4)
                0x0000000010000000                _eccmram = .
                0x0000000010000000                . = ALIGN (0x4)

.bss            0x0000000020000014      0x130
                0x0000000020000014                _sbss = .
                0x0000000020000014                __bss_start__ = _sbss
 *(.bss)
 .bss           0x0000000020000014       0x1c c:/st/stm32cubeide_1.10.1/stm32cubeide/plugins/com.st.stm32cube.ide.mcu.externaltools.gnu-tools-for-stm32.10.3-2021.10.win32_1.0.100.202210260954/tools/bin/../lib/gcc/arm-none-eabi/10.3.1/thumb/v7e-m/nofp/crtbegin.o
 *(.bss*)
 .bss.rcv_buff  0x0000000020000030       0xff ./Src/011i2c_master_rx_testing.o
                0x0000000020000030                rcv_buff
 *fill*         0x000000002000012f        0x1 
 .bss.I2C1Handle
                0x0000000020000130       0x14 ./Src/011i2c_master_rx_testing.o
                0x0000000020000130                I2C1Handle
 *(COMMON)
                0x0000000020000144                . = ALIGN (0x4)
                0x0000000020000144                _ebss = .
                0x0000000020000144                __bss_end__ = _ebss

._user_heap_stack
                0x0000000020000144      0x604
                0x0000000020000148                . = ALIGN (0x8)
 *fill*         0x0000000020000144        0x4 
                [!provide]                        PROVIDE (end = .)
                [!provide]                        PROVIDE (_end = .)
                0x0000000020000348                . = (. + _Min_Heap_Size)
 *fill*         0x0000000020000148      0x200 
                0x0000000020000748                . = (. + _Min_Stack_Size)
 *fill*         0x0000000020000348      0x400 
                0x0000000020000748                . = ALIGN (0x8)

/DISCARD/
 libc.a(*)
 libm.a(*)
 libgcc.a(*)

.ARM.attributes
                0x0000000000000000       0x2a
 *(.ARM.attributes)
 .ARM.attributes
                0x0000000000000000       0x1e c:/st/stm32cubeide_1.10.1/stm32cubeide/plugins/com.st.stm32cube.ide.mcu.externaltools.gnu-tools-for-stm32.10.3-2021.10.win32_1.0.100.202210260954/tools/bin/../lib/gcc/arm-none-eabi/10.3.1/thumb/v7e-m/nofp/crti.o
 .ARM.attributes
                0x000000000000001e       0x2e c:/st/stm32cubeide_1.10.1/stm32cubeide/plugins/com.st.stm32cube.ide.mcu.externaltools.gnu-tools-for-stm32.10.3-2021.10.win32_1.0.100.202210260954/tools/bin/../lib/gcc/arm-none-eabi/10.3.1/thumb/v7e-m/nofp/crtbegin.o
 .ARM.attributes
                0x000000000000004c       0x2e ./Src/011i2c_master_rx_testing.o
 .ARM.attributes
                0x000000000000007a       0x21 ./Startup/startup_stm32f407vgtx.o
 .ARM.attributes
                0x000000000000009b       0x2e ./drivers/src/stm32f407xx_gpio_driver.o
 .ARM.attributes
                0x00000000000000c9       0x2e ./drivers/src/stm32f407xx_i2c_driver.o
 .ARM.attributes
                0x00000000000000f7       0x2e c:/st/stm32cubeide_1.10.1/stm32cubeide/plugins/com.st.stm32cube.ide.mcu.externaltools.gnu-tools-for-stm32.10.3-2021.10.win32_1.0.100.202210260954/tools/bin/../lib/gcc/arm-none-eabi/10.3.1/../../../../arm-none-eabi/lib/thumb/v7e-m/nofp\libc_nano.a(lib_a-init.o)
 .ARM.attributes
                0x0000000000000125       0x1e c:/st/stm32cubeide_1.10.1/stm32cubeide/plugins/com.st.stm32cube.ide.mcu.externaltools.gnu-tools-for-stm32.10.3-2021.10.win32_1.0.100.202210260954/tools/bin/../lib/gcc/arm-none-eabi/10.3.1/thumb/v7e-m/nofp/crtn.o
OUTPUT(stm32f4xx_drives.elf elf32-littlearm)
LOAD linker stubs
LOAD c:/st/stm32cubeide_1.10.1/stm32cubeide/plugins/com.st.stm32cube.ide.mcu.externaltools.gnu-tools-for-stm32.10.3-2021.10.win32_1.0.100.202210260954/tools/bin/../lib/gcc/arm-none-eabi/10.3.1/../../../../arm-none-eabi/lib/thumb/v7e-m/nofp\libc.a
LOAD c:/st/stm32cubeide_1.10.1/stm32cubeide/plugins/com.st.stm32cube.ide.mcu.externaltools.gnu-tools-for-stm32.10.3-2021.10.win32_1.0.100.202210260954/tools/bin/../lib/gcc/arm-none-eabi/10.3.1/../../../../arm-none-eabi/lib/thumb/v7e-m/nofp\libm.a
LOAD c:/st/stm32cubeide_1.10.1/stm32cubeide/plugins/com.st.stm32cube.ide.mcu.externaltools.gnu-tools-for-stm32.10.3-2021.10.win32_1.0.100.202210260954/tools/bin/../lib/gcc/arm-none-eabi/10.3.1/thumb/v7e-m/nofp\libgcc.a

.debug_info     0x0000000000000000     0x141e
 .debug_info    0x0000000000000000      0x4c9 ./Src/011i2c_master_rx_testing.o
 .debug_info    0x00000000000004c9       0x22 ./Startup/startup_stm32f407vgtx.o
 .debug_info    0x00000000000004eb      0x7af ./drivers/src/stm32f407xx_gpio_driver.o
 .debug_info    0x0000000000000c9a      0x784 ./drivers/src/stm32f407xx_i2c_driver.o

.debug_abbrev   0x0000000000000000      0x4fe
 .debug_abbrev  0x0000000000000000      0x16e ./Src/011i2c_master_rx_testing.o
 .debug_abbrev  0x000000000000016e       0x12 ./Startup/startup_stm32f407vgtx.o
 .debug_abbrev  0x0000000000000180      0x173 ./drivers/src/stm32f407xx_gpio_driver.o
 .debug_abbrev  0x00000000000002f3      0x20b ./drivers/src/stm32f407xx_i2c_driver.o

.debug_aranges  0x0000000000000000      0x168
 .debug_aranges
                0x0000000000000000       0x40 ./Src/011i2c_master_rx_testing.o
 .debug_aranges
                0x0000000000000040       0x28 ./Startup/startup_stm32f407vgtx.o
 .debug_aranges
                0x0000000000000068       0x70 ./drivers/src/stm32f407xx_gpio_driver.o
 .debug_aranges
                0x00000000000000d8       0x90 ./drivers/src/stm32f407xx_i2c_driver.o

.debug_ranges   0x0000000000000000      0x130
 .debug_ranges  0x0000000000000000       0x30 ./Src/011i2c_master_rx_testing.o
 .debug_ranges  0x0000000000000030       0x20 ./Startup/startup_stm32f407vgtx.o
 .debug_ranges  0x0000000000000050       0x60 ./drivers/src/stm32f407xx_gpio_driver.o
 .debug_ranges  0x00000000000000b0       0x80 ./drivers/src/stm32f407xx_i2c_driver.o

.debug_macro    0x0000000000000000     0x2a0f
 .debug_macro   0x0000000000000000      0x238 ./Src/011i2c_master_rx_testing.o
 .debug_macro   0x0000000000000238      0xa78 ./Src/011i2c_master_rx_testing.o
 .debug_macro   0x0000000000000cb0       0x22 ./Src/011i2c_master_rx_testing.o
 .debug_macro   0x0000000000000cd2       0x4c ./Src/011i2c_master_rx_testing.o
 .debug_macro   0x0000000000000d1e       0x18 ./Src/011i2c_master_rx_testing.o
 .debug_macro   0x0000000000000d36       0x94 ./Src/011i2c_master_rx_testing.o
 .debug_macro   0x0000000000000dca       0x3c ./Src/011i2c_master_rx_testing.o
 .debug_macro   0x0000000000000e06       0x34 ./Src/011i2c_master_rx_testing.o
 .debug_macro   0x0000000000000e3a       0x16 ./Src/011i2c_master_rx_testing.o
 .debug_macro   0x0000000000000e50       0x57 ./Src/011i2c_master_rx_testing.o
 .debug_macro   0x0000000000000ea7       0x97 ./Src/011i2c_master_rx_testing.o
 .debug_macro   0x0000000000000f3e      0x341 ./Src/011i2c_master_rx_testing.o
 .debug_macro   0x000000000000127f       0xfd ./Src/011i2c_master_rx_testing.o
 .debug_macro   0x000000000000137c       0x10 ./Src/011i2c_master_rx_testing.o
 .debug_macro   0x000000000000138c       0x16 ./Src/011i2c_master_rx_testing.o
 .debug_macro   0x00000000000013a2       0x43 ./Src/011i2c_master_rx_testing.o
 .debug_macro   0x00000000000013e5       0x34 ./Src/011i2c_master_rx_testing.o
 .debug_macro   0x0000000000001419       0x10 ./Src/011i2c_master_rx_testing.o
 .debug_macro   0x0000000000001429       0x58 ./Src/011i2c_master_rx_testing.o
 .debug_macro   0x0000000000001481       0x71 ./Src/011i2c_master_rx_testing.o
 .debug_macro   0x00000000000014f2       0x1c ./Src/011i2c_master_rx_testing.o
 .debug_macro   0x000000000000150e      0x12a ./Src/011i2c_master_rx_testing.o
 .debug_macro   0x0000000000001638       0x10 ./Src/011i2c_master_rx_testing.o
 .debug_macro   0x0000000000001648       0x6a ./Src/011i2c_master_rx_testing.o
 .debug_macro   0x00000000000016b2       0x1c ./Src/011i2c_master_rx_testing.o
 .debug_macro   0x00000000000016ce       0x52 ./Src/011i2c_master_rx_testing.o
 .debug_macro   0x0000000000001720       0x22 ./Src/011i2c_master_rx_testing.o
 .debug_macro   0x0000000000001742       0x10 ./Src/011i2c_master_rx_testing.o
 .debug_macro   0x0000000000001752       0x52 ./Src/011i2c_master_rx_testing.o
 .debug_macro   0x00000000000017a4       0xd5 ./Src/011i2c_master_rx_testing.o
 .debug_macro   0x0000000000001879       0x1c ./Src/011i2c_master_rx_testing.o
 .debug_macro   0x0000000000001895       0x3d ./Src/011i2c_master_rx_testing.o
 .debug_macro   0x00000000000018d2       0x16 ./Src/011i2c_master_rx_testing.o
 .debug_macro   0x00000000000018e8      0x145 ./Src/011i2c_master_rx_testing.o
 .debug_macro   0x0000000000001a2d       0x16 ./Src/011i2c_master_rx_testing.o
 .debug_macro   0x0000000000001a43       0x35 ./Src/011i2c_master_rx_testing.o
 .debug_macro   0x0000000000001a78       0x20 ./Src/011i2c_master_rx_testing.o
 .debug_macro   0x0000000000001a98      0x103 ./Src/011i2c_master_rx_testing.o
 .debug_macro   0x0000000000001b9b      0x1df ./Src/011i2c_master_rx_testing.o
 .debug_macro   0x0000000000001d7a      0x5b0 ./Src/011i2c_master_rx_testing.o
 .debug_macro   0x000000000000232a       0xc4 ./Src/011i2c_master_rx_testing.o
 .debug_macro   0x00000000000023ee       0xc4 ./Src/011i2c_master_rx_testing.o
 .debug_macro   0x00000000000024b2       0x7c ./Src/011i2c_master_rx_testing.o
 .debug_macro   0x000000000000252e       0xad ./drivers/src/stm32f407xx_gpio_driver.o
 .debug_macro   0x00000000000025db       0x8e ./drivers/src/stm32f407xx_gpio_driver.o
 .debug_macro   0x0000000000002669       0x51 ./drivers/src/stm32f407xx_gpio_driver.o
 .debug_macro   0x00000000000026ba      0x174 ./drivers/src/stm32f407xx_gpio_driver.o
 .debug_macro   0x000000000000282e       0xbe ./drivers/src/stm32f407xx_gpio_driver.o
 .debug_macro   0x00000000000028ec       0xad ./drivers/src/stm32f407xx_i2c_driver.o
 .debug_macro   0x0000000000002999       0x76 ./drivers/src/stm32f407xx_i2c_driver.o

.debug_line     0x0000000000000000     0x198e
 .debug_line    0x0000000000000000      0x73a ./Src/011i2c_master_rx_testing.o
 .debug_line    0x000000000000073a       0x84 ./Startup/startup_stm32f407vgtx.o
 .debug_line    0x00000000000007be      0x9d1 ./drivers/src/stm32f407xx_gpio_driver.o
 .debug_line    0x000000000000118f      0x7ff ./drivers/src/stm32f407xx_i2c_driver.o

.debug_str      0x0000000000000000     0xa307
 .debug_str     0x0000000000000000     0x9ea0 ./Src/011i2c_master_rx_testing.o
                                       0xa0a6 (size before relaxing)
 .debug_str     0x0000000000009ea0       0x31 ./Startup/startup_stm32f407vgtx.o
                                         0x68 (size before relaxing)
 .debug_str     0x0000000000009ed1      0x290 ./drivers/src/stm32f407xx_gpio_driver.o
                                       0x63f7 (size before relaxing)
 .debug_str     0x000000000000a161      0x1a6 ./drivers/src/stm32f407xx_i2c_driver.o
                                       0x6400 (size before relaxing)

.comment        0x0000000000000000       0x50
 .comment       0x0000000000000000       0x50 ./Src/011i2c_master_rx_testing.o
                                         0x51 (size before relaxing)
 .comment       0x0000000000000050       0x51 ./drivers/src/stm32f407xx_gpio_driver.o
 .comment       0x0000000000000050       0x51 ./drivers/src/stm32f407xx_i2c_driver.o

.debug_frame    0x0000000000000000      0x500
 .debug_frame   0x0000000000000000       0xbc ./Src/011i2c_master_rx_testing.o
 .debug_frame   0x00000000000000bc      0x1c8 ./drivers/src/stm32f407xx_gpio_driver.o
 .debug_frame   0x0000000000000284      0x250 ./drivers/src/stm32f407xx_i2c_driver.o
 .debug_frame   0x00000000000004d4       0x2c c:/st/stm32cubeide_1.10.1/stm32cubeide/plugins/com.st.stm32cube.ide.mcu.externaltools.gnu-tools-for-stm32.10.3-2021.10.win32_1.0.100.202210260954/tools/bin/../lib/gcc/arm-none-eabi/10.3.1/../../../../arm-none-eabi/lib/thumb/v7e-m/nofp\libc_nano.a(lib_a-init.o)
