23:33:35 **** Build of configuration Debug for project stm32f4xx_drives ****
make -j8 all 
arm-none-eabi-gcc "../drivers/src/stm32f407xx_gpio_driver.c" -mcpu=cortex-m4 -std=gnu11 -g3 -DDEBUG -DSTM32 -DSTM32F407G_DISC1 -DSTM32F4 -DSTM32F407VGTx -c -I../Inc -I"C:/Mcu_course github/mcu_course/stm32f4xx_drives/drivers/inc" -I"C:/Mcu_course github/mcu_course/stm32f4xx_drives/drivers/inc" -O0 -ffunction-sections -fdata-sections -Wall -fstack-usage -MMD -MP -MF"drivers/src/stm32f407xx_gpio_driver.d" -MT"drivers/src/stm32f407xx_gpio_driver.o" --specs=nano.specs -mfloat-abi=soft -mthumb -o "drivers/src/stm32f407xx_gpio_driver.o"
arm-none-eabi-gcc "../drivers/src/stm32f407xx_i2c_driver.c" -mcpu=cortex-m4 -std=gnu11 -g3 -DDEBUG -DSTM32 -DSTM32F407G_DISC1 -DSTM32F4 -DSTM32F407VGTx -c -I../Inc -I"C:/Mcu_course github/mcu_course/stm32f4xx_drives/drivers/inc" -I"C:/Mcu_course github/mcu_course/stm32f4xx_drives/drivers/inc" -O0 -ffunction-sections -fdata-sections -Wall -fstack-usage -MMD -MP -MF"drivers/src/stm32f407xx_i2c_driver.d" -MT"drivers/src/stm32f407xx_i2c_driver.o" --specs=nano.specs -mfloat-abi=soft -mthumb -o "drivers/src/stm32f407xx_i2c_driver.o"
arm-none-eabi-gcc "../drivers/src/stm32f407xx_spi_driver.c" -mcpu=cortex-m4 -std=gnu11 -g3 -DDEBUG -DSTM32 -DSTM32F407G_DISC1 -DSTM32F4 -DSTM32F407VGTx -c -I../Inc -I"C:/Mcu_course github/mcu_course/stm32f4xx_drives/drivers/inc" -I"C:/Mcu_course github/mcu_course/stm32f4xx_drives/drivers/inc" -O0 -ffunction-sections -fdata-sections -Wall -fstack-usage -MMD -MP -MF"drivers/src/stm32f407xx_spi_driver.d" -MT"drivers/src/stm32f407xx_spi_driver.o" --specs=nano.specs -mfloat-abi=soft -mthumb -o "drivers/src/stm32f407xx_spi_driver.o"
arm-none-eabi-gcc -mcpu=cortex-m4 -g3 -DDEBUG -c -x assembler-with-cpp -MMD -MP -MF"Startup/startup_stm32f407vgtx.d" -MT"Startup/startup_stm32f407vgtx.o" --specs=nano.specs -mfloat-abi=soft -mthumb -o "Startup/startup_stm32f407vgtx.o" "../Startup/startup_stm32f407vgtx.s"
arm-none-eabi-gcc "../Src/011i2c_master_rx_testing.c" -mcpu=cortex-m4 -std=gnu11 -g3 -DDEBUG -DSTM32 -DSTM32F407G_DISC1 -DSTM32F4 -DSTM32F407VGTx -c -I../Inc -I"C:/Mcu_course github/mcu_course/stm32f4xx_drives/drivers/inc" -I"C:/Mcu_course github/mcu_course/stm32f4xx_drives/drivers/inc" -O0 -ffunction-sections -fdata-sections -Wall -fstack-usage -MMD -MP -MF"Src/011i2c_master_rx_testing.d" -MT"Src/011i2c_master_rx_testing.o" --specs=nano.specs -mfloat-abi=soft -mthumb -o "Src/011i2c_master_rx_testing.o"
arm-none-eabi-gcc -o "stm32f4xx_drives.elf" @"objects.list"   -mcpu=cortex-m4 -T"C:\Mcu_course github\mcu_course\stm32f4xx_drives\STM32F407VGTX_FLASH.ld" --specs=nosys.specs -Wl,-Map="stm32f4xx_drives.map" -Wl,--gc-sections -static --specs=nano.specs -mfloat-abi=soft -mthumb -Wl,--start-group -lc -lm -Wl,--end-group
Finished building target: stm32f4xx_drives.elf
 
arm-none-eabi-size   stm32f4xx_drives.elf 
arm-none-eabi-objdump -h -S  stm32f4xx_drives.elf  > "stm32f4xx_drives.list"
   text	   data	    bss	    dec	    hex	filename
   3856	     28	   1844	   5728	   1660	stm32f4xx_drives.elf
Finished building: default.size.stdout
 
Finished building: stm32f4xx_drives.list
 
