23:26:43 **** Incremental Build of configuration Debug for project stm32f4xx_drives ****
make -j8 all 
arm-none-eabi-gcc "../Src/005Button_interrupt.c" -mcpu=cortex-m4 -std=gnu11 -g3 -DDEBUG -DSTM32 -DSTM32F407G_DISC1 -DSTM32F4 -DSTM32F407VGTx -c -I../Inc -I"C:/Mcu_course github/mcu_course/stm32f4xx_drives/drivers/inc" -I"C:/Mcu_course github/mcu_course/stm32f4xx_drives/drivers/inc" -O0 -ffunction-sections -fdata-sections -Wall -fstack-usage -MMD -MP -MF"Src/005Button_interrupt.d" -MT"Src/005Button_interrupt.o" --specs=nano.specs -mfpu=fpv4-sp-d16 -mfloat-abi=hard -mthumb -o "Src/005Button_interrupt.o"
arm-none-eabi-gcc -o "stm32f4xx_drives.elf" @"objects.list"   -mcpu=cortex-m4 -T"C:\Mcu_course github\mcu_course\stm32f4xx_drives\STM32F407VGTX_FLASH.ld" --specs=nosys.specs -Wl,-Map="stm32f4xx_drives.map" -Wl,--gc-sections -static --specs=nano.specs -mfpu=fpv4-sp-d16 -mfloat-abi=hard -mthumb -Wl,--start-group -lc -lm -Wl,--end-group
Finished building target: stm32f4xx_drives.elf
 
arm-none-eabi-size   stm32f4xx_drives.elf 
arm-none-eabi-objdump -h -S  stm32f4xx_drives.elf  > "stm32f4xx_drives.list"
   text	   data	    bss	    dec	    hex	filename
   2656	      8	   1568	   4232	   1088	stm32f4xx_drives.elf
Finished building: default.size.stdout
 
Finished building: stm32f4xx_drives.list
 

23:26:44 Build Finished. 0 errors, 0 warnings. (took 495ms)

