16:00:15 **** Incremental Build of configuration Debug for project sttm32f4xx_drives ****
make -j8 all 
arm-none-eabi-gcc "../Src/main.c" -mcpu=cortex-m4 -std=gnu11 -g3 -DDEBUG -DSTM32 -DSTM32F407G_DISC1 -DSTM32F4 -DSTM32F407VGTx -c -I../Inc -I"C:/Mcu_course github/mcu_course/sttm32f4xx_drives/drivers/inc" -I"C:/Mcu_course github/mcu_course/sttm32f4xx_drives/drivers/inc" -O0 -ffunction-sections -fdata-sections -Wall -fstack-usage -MMD -MP -MF"Src/main.d" -MT"Src/main.o" --specs=nano.specs -mfpu=fpv4-sp-d16 -mfloat-abi=hard -mthumb -o "Src/main.o"
arm-none-eabi-gcc -o "sttm32f4xx_drives.elf" @"objects.list"   -mcpu=cortex-m4 -T"C:\Mcu_course github\mcu_course\sttm32f4xx_drives\STM32F407VGTX_FLASH.ld" --specs=nosys.specs -Wl,-Map="sttm32f4xx_drives.map" -Wl,--gc-sections -static --specs=nano.specs -mfpu=fpv4-sp-d16 -mfloat-abi=hard -mthumb -Wl,--start-group -lc -lm -Wl,--end-group
Finished building target: sttm32f4xx_drives.elf
 
arm-none-eabi-size   sttm32f4xx_drives.elf 
arm-none-eabi-objdump -h -S  sttm32f4xx_drives.elf  > "sttm32f4xx_drives.list"
   text	   data	    bss	    dec	    hex	filename
    684	      8	   1568	   2260	    8d4	sttm32f4xx_drives.elf
Finished building: default.size.stdout
 
Finished building: sttm32f4xx_drives.list
 

16:00:16 Build Finished. 0 errors, 0 warnings. (took 487ms)

